Component: ARM Compiler 5.06 update 4 (build 422) Tool: armlink [4d35d2]

==============================================================================

Section Cross References

    startup_stm32f103xb.o(RESET) refers to startup_stm32f103xb.o(STACK) for __initial_sp
    startup_stm32f103xb.o(RESET) refers to startup_stm32f103xb.o(.text) for Reset_Handler
    startup_stm32f103xb.o(RESET) refers to stm32f1xx_it.o(i.NMI_Handler) for NMI_Handler
    startup_stm32f103xb.o(RESET) refers to stm32f1xx_it.o(i.HardFault_Handler) for HardFault_Handler
    startup_stm32f103xb.o(RESET) refers to stm32f1xx_it.o(i.MemManage_Handler) for MemManage_Handler
    startup_stm32f103xb.o(RESET) refers to stm32f1xx_it.o(i.BusFault_Handler) for BusFault_Handler
    startup_stm32f103xb.o(RESET) refers to stm32f1xx_it.o(i.UsageFault_Handler) for UsageFault_Handler
    startup_stm32f103xb.o(RESET) refers to stm32f1xx_it.o(i.SVC_Handler) for SVC_Handler
    startup_stm32f103xb.o(RESET) refers to stm32f1xx_it.o(i.DebugMon_Handler) for DebugMon_Handler
    startup_stm32f103xb.o(RESET) refers to stm32f1xx_it.o(i.PendSV_Handler) for PendSV_Handler
    startup_stm32f103xb.o(RESET) refers to stm32f1xx_it.o(i.SysTick_Handler) for SysTick_Handler
    startup_stm32f103xb.o(RESET) refers to stm32f1xx_it.o(i.DMA1_Channel1_IRQHandler) for DMA1_Channel1_IRQHandler
    startup_stm32f103xb.o(RESET) refers to stm32f1xx_it.o(i.TIM4_IRQHandler) for TIM4_IRQHandler
    startup_stm32f103xb.o(.text) refers to system_stm32f1xx.o(i.SystemInit) for SystemInit
    startup_stm32f103xb.o(.text) refers to entry.o(.ARM.Collect$$$$00000000) for __main
    arm_shift_q31.o(i.arm_shift_q31) refers to llshl.o(.text) for __aeabi_llsl
    arm_cmplx_mag_q15.o(i.arm_cmplx_mag_q15) refers to arm_sqrt_q15.o(i.arm_sqrt_q15) for arm_sqrt_q15
    arm_cmplx_mag_q31.o(i.arm_cmplx_mag_q31) refers to arm_sqrt_q31.o(i.arm_sqrt_q31) for arm_sqrt_q31
    arm_cmplx_mult_real_q31.o(i.arm_cmplx_mult_real_q31) refers to arm_cmplx_mult_real_q31.o(i.clip_q63_to_q31) for clip_q63_to_q31
    arm_sin_cos_q31.o(i.arm_sin_cos_q31) refers to arm_sin_cos_q31.o(i.clip_q63_to_q31) for clip_q63_to_q31
    arm_sin_cos_q31.o(i.arm_sin_cos_q31) refers to arm_common_tables.o(.constdata) for sinTable_q31
    arm_cos_q15.o(i.arm_cos_q15) refers to arm_common_tables.o(.constdata) for sinTable_q15
    arm_cos_q31.o(i.arm_cos_q31) refers to arm_common_tables.o(.constdata) for sinTable_q31
    arm_sin_q15.o(i.arm_sin_q15) refers to arm_common_tables.o(.constdata) for sinTable_q15
    arm_sin_q31.o(i.arm_sin_q31) refers to arm_common_tables.o(.constdata) for sinTable_q31
    arm_sqrt_q15.o(i.arm_sqrt_q15) refers to fflti.o(.text) for __aeabi_i2f
    arm_sqrt_q15.o(i.arm_sqrt_q15) refers to fscalb.o(.text) for __ARM_scalbnf
    arm_sqrt_q15.o(i.arm_sqrt_q15) refers to ffixi.o(.text) for __aeabi_f2iz
    arm_sqrt_q31.o(i.arm_sqrt_q31) refers to fflti.o(.text) for __aeabi_i2f
    arm_sqrt_q31.o(i.arm_sqrt_q31) refers to fscalb.o(.text) for __ARM_scalbnf
    arm_sqrt_q31.o(i.arm_sqrt_q31) refers to ffixi.o(.text) for __aeabi_f2iz
    arm_biquad_cascade_df1_32x64_init_q31.o(i.arm_biquad_cas_df1_32x64_init_q31) refers to memseta.o(.text) for __aeabi_memclr4
    arm_biquad_cascade_df1_32x64_q31.o(i.arm_biquad_cas_df1_32x64_q31) refers to arm_biquad_cascade_df1_32x64_q31.o(i.mult32x64) for mult32x64
    arm_biquad_cascade_df1_32x64_q31.o(i.arm_biquad_cas_df1_32x64_q31) refers to llshl.o(.text) for __aeabi_llsl
    arm_biquad_cascade_df1_fast_q15.o(i.arm_biquad_cascade_df1_fast_q15) refers to arm_biquad_cascade_df1_fast_q15.o(i.__SMUAD) for __SMUAD
    arm_biquad_cascade_df1_fast_q15.o(i.arm_biquad_cascade_df1_fast_q15) refers to arm_biquad_cascade_df1_fast_q15.o(i.__SMLAD) for __SMLAD
    arm_biquad_cascade_df1_init_q15.o(i.arm_biquad_cascade_df1_init_q15) refers to memseta.o(.text) for __aeabi_memclr
    arm_biquad_cascade_df1_init_q31.o(i.arm_biquad_cascade_df1_init_q31) refers to memseta.o(.text) for __aeabi_memclr4
    arm_biquad_cascade_df1_q15.o(i.arm_biquad_cascade_df1_q15) refers to llsshr.o(.text) for __aeabi_lasr
    arm_biquad_cascade_df1_q31.o(i.arm_biquad_cascade_df1_q31) refers to llsshr.o(.text) for __aeabi_lasr
    arm_biquad_cascade_df2t_f64.o(i.arm_biquad_cascade_df2T_f64) refers to dmul.o(.text) for __aeabi_dmul
    arm_biquad_cascade_df2t_f64.o(i.arm_biquad_cascade_df2T_f64) refers to dadd.o(.text) for __aeabi_dadd
    arm_biquad_cascade_df2t_init_f64.o(i.arm_biquad_cascade_df2T_init_f64) refers to memseta.o(.text) for __aeabi_memclr4
    arm_conv_fast_opt_q15.o(i.arm_conv_fast_opt_q15) refers to arm_fill_q15.o(i.arm_fill_q15) for arm_fill_q15
    arm_conv_fast_opt_q15.o(i.arm_conv_fast_opt_q15) refers to arm_copy_q15.o(i.arm_copy_q15) for arm_copy_q15
    arm_conv_fast_opt_q15.o(i.arm_conv_fast_opt_q15) refers to arm_conv_fast_opt_q15.o(i.__SMLAD) for __SMLAD
    arm_conv_fast_opt_q15.o(i.arm_conv_fast_opt_q15) refers to arm_conv_fast_opt_q15.o(i.__SMLADX) for __SMLADX
[...]
    ..\Drivers\CMSIS\DSP\Source\SupportFunctions\arm_q31_to_q15.c 0x00000000   Number         0  arm_q31_to_q15.o ABSOLUTE
    ..\Drivers\CMSIS\DSP\Source\SupportFunctions\arm_q31_to_q7.c 0x00000000   Number         0  arm_q31_to_q7.o ABSOLUTE
    ..\Drivers\CMSIS\DSP\Source\SupportFunctions\arm_q7_to_float.c 0x00000000   Number         0  arm_q7_to_float.o ABSOLUTE
    ..\Drivers\CMSIS\DSP\Source\SupportFunctions\arm_q7_to_q15.c 0x00000000   Number         0  arm_q7_to_q15.o ABSOLUTE
    ..\Drivers\CMSIS\DSP\Source\SupportFunctions\arm_q7_to_q31.c 0x00000000   Number         0  arm_q7_to_q31.o ABSOLUTE
    ..\Drivers\CMSIS\DSP\Source\TransformFunctions\arm_bitreversal.c 0x00000000   Number         0  arm_bitreversal.o ABSOLUTE
    ..\Drivers\CMSIS\DSP\Source\TransformFunctions\arm_bitreversal2.S 0x00000000   Number         0  arm_bitreversal2.o ABSOLUTE
    ..\Drivers\CMSIS\DSP\Source\TransformFunctions\arm_cfft_f32.c 0x00000000   Number         0  arm_cfft_f32.o ABSOLUTE
    ..\Drivers\CMSIS\DSP\Source\TransformFunctions\arm_cfft_q15.c 0x00000000   Number         0  arm_cfft_q15.o ABSOLUTE
    ..\Drivers\CMSIS\DSP\Source\TransformFunctions\arm_cfft_q31.c 0x00000000   Number         0  arm_cfft_q31.o ABSOLUTE
    ..\Drivers\CMSIS\DSP\Source\TransformFunctions\arm_cfft_radix2_f32.c 0x00000000   Number         0  arm_cfft_radix2_f32.o ABSOLUTE
    ..\Drivers\CMSIS\DSP\Source\TransformFunctions\arm_cfft_radix2_init_f32.c 0x00000000   Number         0  arm_cfft_radix2_init_f32.o ABSOLUTE
    ..\Drivers\CMSIS\DSP\Source\TransformFunctions\arm_cfft_radix2_init_q15.c 0x00000000   Number         0  arm_cfft_radix2_init_q15.o ABSOLUTE
    ..\Drivers\CMSIS\DSP\Source\TransformFunctions\arm_cfft_radix2_init_q31.c 0x00000000   Number         0  arm_cfft_radix2_init_q31.o ABSOLUTE
    ..\Drivers\CMSIS\DSP\Source\TransformFunctions\arm_cfft_radix2_q15.c 0x00000000   Number         0  arm_cfft_radix2_q15.o ABSOLUTE
    ..\Drivers\CMSIS\DSP\Source\TransformFunctions\arm_cfft_radix2_q31.c 0x00000000   Number         0  arm_cfft_radix2_q31.o ABSOLUTE
    ..\Drivers\CMSIS\DSP\Source\TransformFunctions\arm_cfft_radix4_f32.c 0x00000000   Number         0  arm_cfft_radix4_f32.o ABSOLUTE
    ..\Drivers\CMSIS\DSP\Source\TransformFunctions\arm_cfft_radix4_init_f32.c 0x00000000   Number         0  arm_cfft_radix4_init_f32.o ABSOLUTE
    ..\Drivers\CMSIS\DSP\Source\TransformFunctions\arm_cfft_radix4_init_q15.c 0x00000000   Number         0  arm_cfft_radix4_init_q15.o ABSOLUTE
    ..\Drivers\CMSIS\DSP\Source\TransformFunctions\arm_cfft_radix4_init_q31.c 0x00000000   Number         0  arm_cfft_radix4_init_q31.o ABSOLUTE
    ..\Drivers\CMSIS\DSP\Source\TransformFunctions\arm_cfft_radix4_q15.c 0x00000000   Number         0  arm_cfft_radix4_q15.o ABSOLUTE
    ..\Drivers\CMSIS\DSP\Source\TransformFunctions\arm_cfft_radix4_q31.c 0x00000000   Number         0  arm_cfft_radix4_q31.o ABSOLUTE
    ..\Drivers\CMSIS\DSP\Source\TransformFunctions\arm_cfft_radix8_f32.c 0x00000000   Number         0  arm_cfft_radix8_f32.o ABSOLUTE
    ..\Drivers\CMSIS\DSP\Source\TransformFunctions\arm_dct4_f32.c 0x00000000   Number         0  arm_dct4_f32.o ABSOLUTE
    ..\Drivers\CMSIS\DSP\Source\TransformFunctions\arm_dct4_init_f32.c 0x00000000   Number         0  arm_dct4_init_f32.o ABSOLUTE
    ..\Drivers\CMSIS\DSP\Source\TransformFunctions\arm_dct4_init_q15.c 0x00000000   Number         0  arm_dct4_init_q15.o ABSOLUTE
    ..\Drivers\CMSIS\DSP\Source\TransformFunctions\arm_dct4_init_q31.c 0x00000000   Number         0  arm_dct4_init_q31.o ABSOLUTE
    ..\Drivers\CMSIS\DSP\Source\TransformFunctions\arm_dct4_q15.c 0x00000000   Number         0  arm_dct4_q15.o ABSOLUTE
    ..\Drivers\CMSIS\DSP\Source\TransformFunctions\arm_dct4_q31.c 0x00000000   Number         0  arm_dct4_q31.o ABSOLUTE
    ..\Drivers\CMSIS\DSP\Source\TransformFunctions\arm_rfft_f32.c 0x00000000   Number         0  arm_rfft_f32.o ABSOLUTE
    ..\Drivers\CMSIS\DSP\Source\TransformFunctions\arm_rfft_fast_f32.c 0x00000000   Number         0  arm_rfft_fast_f32.o ABSOLUTE
    ..\Drivers\CMSIS\DSP\Source\TransformFunctions\arm_rfft_fast_init_f32.c 0x00000000   Number         0  arm_rfft_fast_init_f32.o ABSOLUTE
    ..\Drivers\CMSIS\DSP\Source\TransformFunctions\arm_rfft_init_f32.c 0x00000000   Number         0  arm_rfft_init_f32.o ABSOLUTE
    ..\Drivers\CMSIS\DSP\Source\TransformFunctions\arm_rfft_init_q15.c 0x00000000   Number         0  arm_rfft_init_q15.o ABSOLUTE
    ..\Drivers\CMSIS\DSP\Source\TransformFunctions\arm_rfft_init_q31.c 0x00000000   Number         0  arm_rfft_init_q31.o ABSOLUTE
    ..\Drivers\CMSIS\DSP\Source\TransformFunctions\arm_rfft_q15.c 0x00000000   Number         0  arm_rfft_q15.o ABSOLUTE
    ..\Drivers\CMSIS\DSP\Source\TransformFunctions\arm_rfft_q31.c 0x00000000   Number         0  arm_rfft_q31.o ABSOLUTE
    ..\Drivers\STM32F1xx_HAL_Driver\Src\stm32f1xx_hal.c 0x00000000   Number         0  stm32f1xx_hal.o ABSOLUTE
    ..\Drivers\STM32F1xx_HAL_Driver\Src\stm32f1xx_hal_adc.c 0x00000000   Number         0  stm32f1xx_hal_adc.o ABSOLUTE
    ..\Drivers\STM32F1xx_HAL_Driver\Src\stm32f1xx_hal_adc_ex.c 0x00000000   Number         0  stm32f1xx_hal_adc_ex.o ABSOLUTE
    ..\Drivers\STM32F1xx_HAL_Driver\Src\stm32f1xx_hal_cortex.c 0x00000000   Number         0  stm32f1xx_hal_cortex.o ABSOLUTE
    ..\Drivers\STM32F1xx_HAL_Driver\Src\stm32f1xx_hal_dma.c 0x00000000   Number         0  stm32f1xx_hal_dma.o ABSOLUTE
    ..\Drivers\STM32F1xx_HAL_Driver\Src\stm32f1xx_hal_exti.c 0x00000000   Number         0  stm32f1xx_hal_exti.o ABSOLUTE
    ..\Drivers\STM32F1xx_HAL_Driver\Src\stm32f1xx_hal_flash.c 0x00000000   Number         0  stm32f1xx_hal_flash.o ABSOLUTE
    ..\Drivers\STM32F1xx_HAL_Driver\Src\stm32f1xx_hal_flash_ex.c 0x00000000   Number         0  stm32f1xx_hal_flash_ex.o ABSOLUTE
    ..\Drivers\STM32F1xx_HAL_Driver\Src\stm32f1xx_hal_gpio.c 0x00000000   Number         0  stm32f1xx_hal_gpio.o ABSOLUTE
    ..\Drivers\STM32F1xx_HAL_Driver\Src\stm32f1xx_hal_gpio_ex.c 0x00000000   Number         0  stm32f1xx_hal_gpio_ex.o ABSOLUTE
    ..\Drivers\STM32F1xx_HAL_Driver\Src\stm32f1xx_hal_pwr.c 0x00000000   Number         0  stm32f1xx_hal_pwr.o ABSOLUTE
    ..\Drivers\STM32F1xx_HAL_Driver\Src\stm32f1xx_hal_rcc.c 0x00000000   Number         0  stm32f1xx_hal_rcc.o ABSOLUTE
    ..\Drivers\STM32F1xx_HAL_Driver\Src\stm32f1xx_hal_rcc_ex.c 0x00000000   Number         0  stm32f1xx_hal_rcc_ex.o ABSOLUTE
    ..\Drivers\STM32F1xx_HAL_Driver\Src\stm32f1xx_hal_tim.c 0x00000000   Number         0  stm32f1xx_hal_tim.o ABSOLUTE
    ..\Drivers\STM32F1xx_HAL_Driver\Src\stm32f1xx_hal_tim_ex.c 0x00000000   Number         0  stm32f1xx_hal_tim_ex.o ABSOLUTE
    ..\Src\main.c                            0x00000000   Number         0  main.o ABSOLUTE
    ..\Src\stm32f1xx_hal_msp.c               0x00000000   Number         0  stm32f1xx_hal_msp.o ABSOLUTE
    ..\Src\stm32f1xx_it.c                    0x00000000   Number         0  stm32f1xx_it.o ABSOLUTE
    ..\Src\system_stm32f1xx.c                0x00000000   Number         0  system_stm32f1xx.o ABSOLUTE
    ..\\Drivers\\CMSIS\\DSP\\Source\\BasicMathFunctions\\arm_abs_f32.c 0x00000000   Number         0  arm_abs_f32.o ABSOLUTE
    ..\\Drivers\\CMSIS\\DSP\\Source\\BasicMathFunctions\\arm_abs_q15.c 0x00000000   Number         0  arm_abs_q15.o ABSOLUTE
    ..\\Drivers\\CMSIS\\DSP\\Source\\BasicMathFunctions\\arm_abs_q31.c 0x00000000   Number         0  arm_abs_q31.o ABSOLUTE
    ..\\Drivers\\CMSIS\\DSP\\Source\\BasicMathFunctions\\arm_abs_q7.c 0x00000000   Number         0  arm_abs_q7.o ABSOLUTE
    ..\\Drivers\\CMSIS\\DSP\\Source\\BasicMathFunctions\\arm_add_f32.c 0x00000000   Number         0  arm_add_f32.o ABSOLUTE
    ..\\Drivers\\CMSIS\\DSP\\Source\\BasicMathFunctions\\arm_add_q15.c 0x00000000   Number         0  arm_add_q15.o ABSOLUTE
    ..\\Drivers\\CMSIS\\DSP\\Source\\BasicMathFunctions\\arm_add_q31.c 0x00000000   Number         0  arm_add_q31.o ABSOLUTE
    ..\\Drivers\\CMSIS\\DSP\\Source\\BasicMathFunctions\\arm_add_q7.c 0x00000000   Number         0  arm_add_q7.o ABSOLUTE
    ..\\Drivers\\CMSIS\\DSP\\Source\\BasicMathFunctions\\arm_dot_prod_f32.c 0x00000000   Number         0  arm_dot_prod_f32.o ABSOLUTE
    ..\\Drivers\\CMSIS\\DSP\\Source\\BasicMathFunctions\\arm_dot_prod_q15.c 0x00000000   Number         0  arm_dot_prod_q15.o ABSOLUTE
    ..\\Drivers\\CMSIS\\DSP\\Source\\BasicMathFunctions\\arm_dot_prod_q31.c 0x00000000   Number         0  arm_dot_prod_q31.o ABSOLUTE
    ..\\Drivers\\CMSIS\\DSP\\Source\\BasicMathFunctions\\arm_dot_prod_q7.c 0x00000000   Number         0  arm_dot_prod_q7.o ABSOLUTE
    ..\\Drivers\\CMSIS\\DSP\\Source\\BasicMathFunctions\\arm_mult_f32.c 0x00000000   Number         0  arm_mult_f32.o ABSOLUTE
    ..\\Drivers\\CMSIS\\DSP\\Source\\BasicMathFunctions\\arm_mult_q15.c 0x00000000   Number         0  arm_mult_q15.o ABSOLUTE
    ..\\Drivers\\CMSIS\\DSP\\Source\\BasicMathFunctions\\arm_mult_q31.c 0x00000000   Number         0  arm_mult_q31.o ABSOLUTE
    ..\\Drivers\\CMSIS\\DSP\\Source\\BasicMathFunctions\\arm_mult_q7.c 0x00000000   Number         0  arm_mult_q7.o ABSOLUTE
    ..\\Drivers\\CMSIS\\DSP\\Source\\BasicMathFunctions\\arm_negate_f32.c 0x00000000   Number         0  arm_negate_f32.o ABSOLUTE
    ..\\Drivers\\CMSIS\\DSP\\Source\\BasicMathFunctions\\arm_negate_q15.c 0x00000000   Number         0  arm_negate_q15.o ABSOLUTE
    ..\\Drivers\\CMSIS\\DSP\\Source\\BasicMathFunctions\\arm_negate_q31.c 0x00000000   Number         0  arm_negate_q31.o ABSOLUTE
    ..\\Drivers\\CMSIS\\DSP\\Source\\BasicMathFunctions\\arm_negate_q7.c 0x00000000   Number         0  arm_negate_q7.o ABSOLUTE
    ..\\Drivers\\CMSIS\\DSP\\Source\\BasicMathFunctions\\arm_offset_f32.c 0x00000000   Number         0  arm_offset_f32.o ABSOLUTE
    ..\\Drivers\\CMSIS\\DSP\\Source\\BasicMathFunctions\\arm_offset_q15.c 0x00000000   Number         0  arm_offset_q15.o ABSOLUTE
    ..\\Drivers\\CMSIS\\DSP\\Source\\BasicMathFunctions\\arm_offset_q31.c 0x00000000   Number         0  arm_offset_q31.o ABSOLUTE
    ..\\Drivers\\CMSIS\\DSP\\Source\\BasicMathFunctions\\arm_offset_q7.c 0x00000000   Number         0  arm_offset_q7.o ABSOLUTE
    ..\\Drivers\\CMSIS\\DSP\\Source\\BasicMathFunctions\\arm_scale_f32.c 0x00000000   Number         0  arm_scale_f32.o ABSOLUTE
    ..\\Drivers\\CMSIS\\DSP\\Source\\BasicMathFunctions\\arm_scale_q15.c 0x00000000   Number         0  arm_scale_q15.o ABSOLUTE
    ..\\Drivers\\CMSIS\\DSP\\Source\\BasicMathFunctions\\arm_scale_q31.c 0x00000000   Number         0  arm_scale_q31.o ABSOLUTE
    ..\\Drivers\\CMSIS\\DSP\\Source\\BasicMathFunctions\\arm_scale_q7.c 0x00000000   Number         0  arm_scale_q7.o ABSOLUTE
    ..\\Drivers\\CMSIS\\DSP\\Source\\BasicMathFunctions\\arm_shift_q15.c 0x00000000   Number         0  arm_shift_q15.o ABSOLUTE
    ..\\Drivers\\CMSIS\\DSP\\Source\\BasicMathFunctions\\arm_shift_q31.c 0x00000000   Number         0  arm_shift_q31.o ABSOLUTE
    ..\\Drivers\\CMSIS\\DSP\\Source\\BasicMathFunctions\\arm_shift_q7.c 0x00000000   Number         0  arm_shift_q7.o ABSOLUTE
    ..\\Drivers\\CMSIS\\DSP\\Source\\BasicMathFunctions\\arm_sub_f32.c 0x00000000   Number         0  arm_sub_f32.o ABSOLUTE
    ..\\Drivers\\CMSIS\\DSP\\Source\\BasicMathFunctions\\arm_sub_q15.c 0x00000000   Number         0  arm_sub_q15.o ABSOLUTE
    ..\\Drivers\\CMSIS\\DSP\\Source\\BasicMathFunctions\\arm_sub_q31.c 0x00000000   Number         0  arm_sub_q31.o ABSOLUTE
    ..\\Drivers\\CMSIS\\DSP\\Source\\BasicMathFunctions\\arm_sub_q7.c 0x00000000   Number         0  arm_sub_q7.o ABSOLUTE
    ..\\Drivers\\CMSIS\\DSP\\Source\\CommonTables\\arm_common_tables.c 0x00000000   Number         0  arm_common_tables.o ABSOLUTE
    ..\\Drivers\\CMSIS\\DSP\\Source\\CommonTables\\arm_const_structs.c 0x00000000   Number         0  arm_const_structs.o ABSOLUTE
    ..\\Drivers\\CMSIS\\DSP\\Source\\ComplexMathFunctions\\arm_cmplx_conj_f32.c 0x00000000   Number         0  arm_cmplx_conj_f32.o ABSOLUTE
    ..\\Drivers\\CMSIS\\DSP\\Source\\ComplexMathFunctions\\arm_cmplx_conj_q15.c 0x00000000   Number         0  arm_cmplx_conj_q15.o ABSOLUTE
    ..\\Drivers\\CMSIS\\DSP\\Source\\ComplexMathFunctions\\arm_cmplx_conj_q31.c 0x00000000   Number         0  arm_cmplx_conj_q31.o ABSOLUTE
    ..\\Drivers\\CMSIS\\DSP\\Source\\ComplexMathFunctions\\arm_cmplx_dot_prod_f32.c 0x00000000   Number         0  arm_cmplx_dot_prod_f32.o ABSOLUTE
    ..\\Drivers\\CMSIS\\DSP\\Source\\ComplexMathFunctions\\arm_cmplx_dot_prod_q15.c 0x00000000   Number         0  arm_cmplx_dot_prod_q15.o ABSOLUTE
    ..\\Drivers\\CMSIS\\DSP\\Source\\ComplexMathFunctions\\arm_cmplx_dot_prod_q31.c 0x00000000   Number         0  arm_cmplx_dot_prod_q31.o ABSOLUTE
    ..\\Drivers\\CMSIS\\DSP\\Source\\ComplexMathFunctions\\arm_cmplx_mag_f32.c 0x00000000   Number         0  arm_cmplx_mag_f32.o ABSOLUTE
    ..\\Drivers\\CMSIS\\DSP\\Source\\ComplexMathFunctions\\arm_cmplx_mag_q15.c 0x00000000   Number         0  arm_cmplx_mag_q15.o ABSOLUTE
    ..\\Drivers\\CMSIS\\DSP\\Source\\ComplexMathFunctions\\arm_cmplx_mag_q31.c 0x00000000   Number         0  arm_cmplx_mag_q31.o ABSOLUTE
    ..\\Drivers\\CMSIS\\DSP\\Source\\ComplexMathFunctions\\arm_cmplx_mag_squared_f32.c 0x00000000   Number         0  arm_cmplx_mag_squared_f32.o ABSOLUTE
    ..\\Drivers\\CMSIS\\DSP\\Source\\ComplexMathFunctions\\arm_cmplx_mag_squared_q15.c 0x00000000   Number         0  arm_cmplx_mag_squared_q15.o ABSOLUTE
    ..\\Drivers\\CMSIS\\DSP\\Source\\ComplexMathFunctions\\arm_cmplx_mag_squared_q31.c 0x00000000   Number         0  arm_cmplx_mag_squared_q31.o ABSOLUTE
    ..\\Drivers\\CMSIS\\DSP\\Source\\ComplexMathFunctions\\arm_cmplx_mult_cmplx_f32.c 0x00000000   Number         0  arm_cmplx_mult_cmplx_f32.o ABSOLUTE
    ..\\Drivers\\CMSIS\\DSP\\Source\\ComplexMathFunctions\\arm_cmplx_mult_cmplx_q15.c 0x00000000   Number         0  arm_cmplx_mult_cmplx_q15.o ABSOLUTE
    ..\\Drivers\\CMSIS\\DSP\\Source\\ComplexMathFunctions\\arm_cmplx_mult_cmplx_q31.c 0x00000000   Number         0  arm_cmplx_mult_cmplx_q31.o ABSOLUTE
    ..\\Drivers\\CMSIS\\DSP\\Source\\ComplexMathFunctions\\arm_cmplx_mult_real_f32.c 0x00000000   Number         0  arm_cmplx_mult_real_f32.o ABSOLUTE
    ..\\Drivers\\CMSIS\\DSP\\Source\\ComplexMathFunctions\\arm_cmplx_mult_real_q15.c 0x00000000   Number         0  arm_cmplx_mult_real_q15.o ABSOLUTE
    ..\\Drivers\\CMSIS\\DSP\\Source\\ComplexMathFunctions\\arm_cmplx_mult_real_q31.c 0x00000000   Number         0  arm_cmplx_mult_real_q31.o ABSOLUTE
    ..\\Drivers\\CMSIS\\DSP\\Source\\ControllerFunctions\\arm_sin_cos_f32.c 0x00000000   Number         0  arm_sin_cos_f32.o ABSOLUTE
    ..\\Drivers\\CMSIS\\DSP\\Source\\ControllerFunctions\\arm_sin_cos_q31.c 0x00000000   Number         0  arm_sin_cos_q31.o ABSOLUTE
    ..\\Drivers\\CMSIS\\DSP\\Source\\FastMathFunctions\\arm_cos_f32.c 0x00000000   Number         0  arm_cos_f32.o ABSOLUTE
    ..\\Drivers\\CMSIS\\DSP\\Source\\FastMathFunctions\\arm_cos_q15.c 0x00000000   Number         0  arm_cos_q15.o ABSOLUTE
    ..\\Drivers\\CMSIS\\DSP\\Source\\FastMathFunctions\\arm_cos_q31.c 0x00000000   Number         0  arm_cos_q31.o ABSOLUTE
    ..\\Drivers\\CMSIS\\DSP\\Source\\FastMathFunctions\\arm_sin_f32.c 0x00000000   Number         0  arm_sin_f32.o ABSOLUTE
    ..\\Drivers\\CMSIS\\DSP\\Source\\FastMathFunctions\\arm_sin_q15.c 0x00000000   Number         0  arm_sin_q15.o ABSOLUTE
    ..\\Drivers\\CMSIS\\DSP\\Source\\FastMathFunctions\\arm_sin_q31.c 0x00000000   Number         0  arm_sin_q31.o ABSOLUTE
    ..\\Drivers\\CMSIS\\DSP\\Source\\FastMathFunctions\\arm_sqrt_q15.c 0x00000000   Number         0  arm_sqrt_q15.o ABSOLUTE
    ..\\Drivers\\CMSIS\\DSP\\Source\\FastMathFunctions\\arm_sqrt_q31.c 0x00000000   Number         0  arm_sqrt_q31.o ABSOLUTE
    ..\\Drivers\\CMSIS\\DSP\\Source\\FilteringFunctions\\arm_biquad_cascade_df1_32x64_init_q31.c 0x00000000   Number         0  arm_biquad_cascade_df1_32x64_init_q31.o ABSOLUTE
    ..\\Drivers\\CMSIS\\DSP\\Source\\FilteringFunctions\\arm_biquad_cascade_df1_32x64_q31.c 0x00000000   Number         0  arm_biquad_cascade_df1_32x64_q31.o ABSOLUTE
    ..\\Drivers\\CMSIS\\DSP\\Source\\FilteringFunctions\\arm_biquad_cascade_df1_f32.c 0x00000000   Number         0  arm_biquad_cascade_df1_f32.o ABSOLUTE
    ..\\Drivers\\CMSIS\\DSP\\Source\\FilteringFunctions\\arm_biquad_cascade_df1_fast_q15.c 0x00000000   Number         0  arm_biquad_cascade_df1_fast_q15.o ABSOLUTE
    ..\\Drivers\\CMSIS\\DSP\\Source\\FilteringFunctions\\arm_biquad_cascade_df1_fast_q31.c 0x00000000   Number         0  arm_biquad_cascade_df1_fast_q31.o ABSOLUTE
    ..\\Drivers\\CMSIS\\DSP\\Source\\FilteringFunctions\\arm_biquad_cascade_df1_init_f32.c 0x00000000   Number         0  arm_biquad_cascade_df1_init_f32.o ABSOLUTE
    ..\\Drivers\\CMSIS\\DSP\\Source\\FilteringFunctions\\arm_biquad_cascade_df1_init_q15.c 0x00000000   Number         0  arm_biquad_cascade_df1_init_q15.o ABSOLUTE
    ..\\Drivers\\CMSIS\\DSP\\Source\\FilteringFunctions\\arm_biquad_cascade_df1_init_q31.c 0x00000000   Number         0  arm_biquad_cascade_df1_init_q31.o ABSOLUTE
    ..\\Drivers\\CMSIS\\DSP\\Source\\FilteringFunctions\\arm_biquad_cascade_df1_q15.c 0x00000000   Number         0  arm_biquad_cascade_df1_q15.o ABSOLUTE
    ..\\Drivers\\CMSIS\\DSP\\Source\\FilteringFunctions\\arm_biquad_cascade_df1_q31.c 0x00000000   Number         0  arm_biquad_cascade_df1_q31.o ABSOLUTE
    ..\\Drivers\\CMSIS\\DSP\\Source\\FilteringFunctions\\arm_biquad_cascade_df2T_f32.c 0x00000000   Number         0  arm_biquad_cascade_df2t_f32.o ABSOLUTE
    ..\\Drivers\\CMSIS\\DSP\\Source\\FilteringFunctions\\arm_biquad_cascade_df2T_f64.c 0x00000000   Number         0  arm_biquad_cascade_df2t_f64.o ABSOLUTE
    ..\\Drivers\\CMSIS\\DSP\\Source\\FilteringFunctions\\arm_biquad_cascade_df2T_init_f32.c 0x00000000   Number         0  arm_biquad_cascade_df2t_init_f32.o ABSOLUTE
    ..\\Drivers\\CMSIS\\DSP\\Source\\FilteringFunctions\\arm_biquad_cascade_df2T_init_f64.c 0x00000000   Number         0  arm_biquad_cascade_df2t_init_f64.o ABSOLUTE
    ..\\Drivers\\CMSIS\\DSP\\Source\\FilteringFunctions\\arm_biquad_cascade_stereo_df2T_f32.c 0x00000000   Number         0  arm_biquad_cascade_stereo_df2t_f32.o ABSOLUTE
    ..\\Drivers\\CMSIS\\DSP\\Source\\FilteringFunctions\\arm_biquad_cascade_stereo_df2T_init_f32.c 0x00000000   Number         0  arm_biquad_cascade_stereo_df2t_init_f32.o ABSOLUTE
    ..\\Drivers\\CMSIS\\DSP\\Source\\FilteringFunctions\\arm_conv_f32.c 0x00000000   Number         0  arm_conv_f32.o ABSOLUTE
    ..\\Drivers\\CMSIS\\DSP\\Source\\FilteringFunctions\\arm_conv_fast_opt_q15.c 0x00000000   Number         0  arm_conv_fast_opt_q15.o ABSOLUTE
    ..\\Drivers\\CMSIS\\DSP\\Source\\FilteringFunctions\\arm_conv_fast_q15.c 0x00000000   Number         0  arm_conv_fast_q15.o ABSOLUTE
    ..\\Drivers\\CMSIS\\DSP\\Source\\FilteringFunctions\\arm_conv_fast_q31.c 0x00000000   Number         0  arm_conv_fast_q31.o ABSOLUTE
    ..\\Drivers\\CMSIS\\DSP\\Source\\FilteringFunctions\\arm_conv_opt_q15.c 0x00000000   Number         0  arm_conv_opt_q15.o ABSOLUTE
    ..\\Drivers\\CMSIS\\DSP\\Source\\FilteringFunctions\\arm_conv_opt_q7.c 0x00000000   Number         0  arm_conv_opt_q7.o ABSOLUTE
    ..\\Drivers\\CMSIS\\DSP\\Source\\FilteringFunctions\\arm_conv_partial_f32.c 0x00000000   Number         0  arm_conv_partial_f32.o ABSOLUTE
    ..\\Drivers\\CMSIS\\DSP\\Source\\FilteringFunctions\\arm_conv_partial_fast_opt_q15.c 0x00000000   Number         0  arm_conv_partial_fast_opt_q15.o ABSOLUTE
    ..\\Drivers\\CMSIS\\DSP\\Source\\FilteringFunctions\\arm_conv_partial_fast_q15.c 0x00000000   Number         0  arm_conv_partial_fast_q15.o ABSOLUTE
    ..\\Drivers\\CMSIS\\DSP\\Source\\FilteringFunctions\\arm_conv_partial_fast_q31.c 0x00000000   Number         0  arm_conv_partial_fast_q31.o ABSOLUTE
    ..\\Drivers\\CMSIS\\DSP\\Source\\FilteringFunctions\\arm_conv_partial_opt_q15.c 0x00000000   Number         0  arm_conv_partial_opt_q15.o ABSOLUTE
    ..\\Drivers\\CMSIS\\DSP\\Source\\FilteringFunctions\\arm_conv_partial_opt_q7.c 0x00000000   Number         0  arm_conv_partial_opt_q7.o ABSOLUTE
    ..\\Drivers\\CMSIS\\DSP\\Source\\FilteringFunctions\\arm_conv_partial_q15.c 0x00000000   Number         0  arm_conv_partial_q15.o ABSOLUTE
    ..\\Drivers\\CMSIS\\DSP\\Source\\FilteringFunctions\\arm_conv_partial_q31.c 0x00000000   Number         0  arm_conv_partial_q31.o ABSOLUTE
    ..\\Drivers\\CMSIS\\DSP\\Source\\FilteringFunctions\\arm_conv_partial_q7.c 0x00000000   Number         0  arm_conv_partial_q7.o ABSOLUTE
    ..\\Drivers\\CMSIS\\DSP\\Source\\FilteringFunctions\\arm_conv_q15.c 0x00000000   Number         0  arm_conv_q15.o ABSOLUTE
    ..\\Drivers\\CMSIS\\DSP\\Source\\FilteringFunctions\\arm_conv_q31.c 0x00000000   Number         0  arm_conv_q31.o ABSOLUTE
    ..\\Drivers\\CMSIS\\DSP\\Source\\FilteringFunctions\\arm_conv_q7.c 0x00000000   Number         0  arm_conv_q7.o ABSOLUTE
    ..\\Drivers\\CMSIS\\DSP\\Source\\FilteringFunctions\\arm_correlate_f32.c 0x00000000   Number         0  arm_correlate_f32.o ABSOLUTE
    ..\\Drivers\\CMSIS\\DSP\\Source\\FilteringFunctions\\arm_correlate_fast_opt_q15.c 0x00000000   Number         0  arm_correlate_fast_opt_q15.o ABSOLUTE
    ..\\Drivers\\CMSIS\\DSP\\Source\\FilteringFunctions\\arm_correlate_fast_q15.c 0x00000000   Number         0  arm_correlate_fast_q15.o ABSOLUTE
    ..\\Drivers\\CMSIS\\DSP\\Source\\FilteringFunctions\\arm_correlate_fast_q31.c 0x00000000   Number         0  arm_correlate_fast_q31.o ABSOLUTE
    ..\\Drivers\\CMSIS\\DSP\\Source\\FilteringFunctions\\arm_correlate_opt_q15.c 0x00000000   Number         0  arm_correlate_opt_q15.o ABSOLUTE
    ..\\Drivers\\CMSIS\\DSP\\Source\\FilteringFunctions\\arm_correlate_opt_q7.c 0x00000000   Number         0  arm_correlate_opt_q7.o ABSOLUTE
    ..\\Drivers\\CMSIS\\DSP\\Source\\FilteringFunctions\\arm_correlate_q15.c 0x00000000   Number         0  arm_correlate_q15.o ABSOLUTE
    ..\\Drivers\\CMSIS\\DSP\\Source\\FilteringFunctions\\arm_correlate_q31.c 0x00000000   Number         0  arm_correlate_q31.o ABSOLUTE
    ..\\Drivers\\CMSIS\\DSP\\Source\\FilteringFunctions\\arm_correlate_q7.c 0x00000000   Number         0  arm_correlate_q7.o ABSOLUTE
    ..\\Drivers\\CMSIS\\DSP\\Source\\FilteringFunctions\\arm_fir_decimate_f32.c 0x00000000   Number         0  arm_fir_decimate_f32.o ABSOLUTE
    ..\\Drivers\\CMSIS\\DSP\\Source\\FilteringFunctions\\arm_fir_decimate_fast_q15.c 0x00000000   Number         0  arm_fir_decimate_fast_q15.o ABSOLUTE
    ..\\Drivers\\CMSIS\\DSP\\Source\\FilteringFunctions\\arm_fir_decimate_fast_q31.c 0x00000000   Number         0  arm_fir_decimate_fast_q31.o ABSOLUTE
    ..\\Drivers\\CMSIS\\DSP\\Source\\FilteringFunctions\\arm_fir_decimate_init_f32.c 0x00000000   Number         0  arm_fir_decimate_init_f32.o ABSOLUTE
    ..\\Drivers\\CMSIS\\DSP\\Source\\FilteringFunctions\\arm_fir_decimate_init_q15.c 0x00000000   Number         0  arm_fir_decimate_init_q15.o ABSOLUTE
    ..\\Drivers\\CMSIS\\DSP\\Source\\FilteringFunctions\\arm_fir_decimate_init_q31.c 0x00000000   Number         0  arm_fir_decimate_init_q31.o ABSOLUTE
    ..\\Drivers\\CMSIS\\DSP\\Source\\FilteringFunctions\\arm_fir_decimate_q15.c 0x00000000   Number         0  arm_fir_decimate_q15.o ABSOLUTE
    ..\\Drivers\\CMSIS\\DSP\\Source\\FilteringFunctions\\arm_fir_decimate_q31.c 0x00000000   Number         0  arm_fir_decimate_q31.o ABSOLUTE
    ..\\Drivers\\CMSIS\\DSP\\Source\\FilteringFunctions\\arm_fir_f32.c 0x00000000   Number         0  arm_fir_f32.o ABSOLUTE
    ..\\Drivers\\CMSIS\\DSP\\Source\\FilteringFunctions\\arm_fir_fast_q15.c 0x00000000   Number         0  arm_fir_fast_q15.o ABSOLUTE
    ..\\Drivers\\CMSIS\\DSP\\Source\\FilteringFunctions\\arm_fir_fast_q31.c 0x00000000   Number         0  arm_fir_fast_q31.o ABSOLUTE
    ..\\Drivers\\CMSIS\\DSP\\Source\\FilteringFunctions\\arm_fir_init_f32.c 0x00000000   Number         0  arm_fir_init_f32.o ABSOLUTE
    ..\\Drivers\\CMSIS\\DSP\\Source\\FilteringFunctions\\arm_fir_init_q15.c 0x00000000   Number         0  arm_fir_init_q15.o ABSOLUTE
    ..\\Drivers\\CMSIS\\DSP\\Source\\FilteringFunctions\\arm_fir_init_q31.c 0x00000000   Number         0  arm_fir_init_q31.o ABSOLUTE
    ..\\Drivers\\CMSIS\\DSP\\Source\\FilteringFunctions\\arm_fir_init_q7.c 0x00000000   Number         0  arm_fir_init_q7.o ABSOLUTE
    ..\\Drivers\\CMSIS\\DSP\\Source\\FilteringFunctions\\arm_fir_interpolate_f32.c 0x00000000   Number         0  arm_fir_interpolate_f32.o ABSOLUTE
    ..\\Drivers\\CMSIS\\DSP\\Source\\FilteringFunctions\\arm_fir_interpolate_init_f32.c 0x00000000   Number         0  arm_fir_interpolate_init_f32.o ABSOLUTE
    ..\\Drivers\\CMSIS\\DSP\\Source\\FilteringFunctions\\arm_fir_interpolate_init_q15.c 0x00000000   Number         0  arm_fir_interpolate_init_q15.o ABSOLUTE
    ..\\Drivers\\CMSIS\\DSP\\Source\\FilteringFunctions\\arm_fir_interpolate_init_q31.c 0x00000000   Number         0  arm_fir_interpolate_init_q31.o ABSOLUTE
    ..\\Drivers\\CMSIS\\DSP\\Source\\FilteringFunctions\\arm_fir_interpolate_q15.c 0x00000000   Number         0  arm_fir_interpolate_q15.o ABSOLUTE
    ..\\Drivers\\CMSIS\\DSP\\Source\\FilteringFunctions\\arm_fir_interpolate_q31.c 0x00000000   Number         0  arm_fir_interpolate_q31.o ABSOLUTE
    ..\\Drivers\\CMSIS\\DSP\\Source\\FilteringFunctions\\arm_fir_lattice_f32.c 0x00000000   Number         0  arm_fir_lattice_f32.o ABSOLUTE
    ..\\Drivers\\CMSIS\\DSP\\Source\\FilteringFunctions\\arm_fir_lattice_init_f32.c 0x00000000   Number         0  arm_fir_lattice_init_f32.o ABSOLUTE
    ..\\Drivers\\CMSIS\\DSP\\Source\\FilteringFunctions\\arm_fir_lattice_init_q15.c 0x00000000   Number         0  arm_fir_lattice_init_q15.o ABSOLUTE
    ..\\Drivers\\CMSIS\\DSP\\Source\\FilteringFunctions\\arm_fir_lattice_init_q31.c 0x00000000   Number         0  arm_fir_lattice_init_q31.o ABSOLUTE
    ..\\Drivers\\CMSIS\\DSP\\Source\\FilteringFunctions\\arm_fir_lattice_q15.c 0x00000000   Number         0  arm_fir_lattice_q15.o ABSOLUTE
    ..\\Drivers\\CMSIS\\DSP\\Source\\FilteringFunctions\\arm_fir_lattice_q31.c 0x00000000   Number         0  arm_fir_lattice_q31.o ABSOLUTE
    ..\\Drivers\\CMSIS\\DSP\\Source\\FilteringFunctions\\arm_fir_q15.c 0x00000000   Number         0  arm_fir_q15.o ABSOLUTE
    ..\\Drivers\\CMSIS\\DSP\\Source\\FilteringFunctions\\arm_fir_q31.c 0x00000000   Number         0  arm_fir_q31.o ABSOLUTE
    ..\\Drivers\\CMSIS\\DSP\\Source\\FilteringFunctions\\arm_fir_q7.c 0x00000000   Number         0  arm_fir_q7.o ABSOLUTE
    ..\\Drivers\\CMSIS\\DSP\\Source\\FilteringFunctions\\arm_fir_sparse_f32.c 0x00000000   Number         0  arm_fir_sparse_f32.o ABSOLUTE
    ..\\Drivers\\CMSIS\\DSP\\Source\\FilteringFunctions\\arm_fir_sparse_init_f32.c 0x00000000   Number         0  arm_fir_sparse_init_f32.o ABSOLUTE
    ..\\Drivers\\CMSIS\\DSP\\Source\\FilteringFunctions\\arm_fir_sparse_init_q15.c 0x00000000   Number         0  arm_fir_sparse_init_q15.o ABSOLUTE
    ..\\Drivers\\CMSIS\\DSP\\Source\\FilteringFunctions\\arm_fir_sparse_init_q31.c 0x00000000   Number         0  arm_fir_sparse_init_q31.o ABSOLUTE
    ..\\Drivers\\CMSIS\\DSP\\Source\\FilteringFunctions\\arm_fir_sparse_init_q7.c 0x00000000   Number         0  arm_fir_sparse_init_q7.o ABSOLUTE
    ..\\Drivers\\CMSIS\\DSP\\Source\\FilteringFunctions\\arm_fir_sparse_q15.c 0x00000000   Number         0  arm_fir_sparse_q15.o ABSOLUTE
    ..\\Drivers\\CMSIS\\DSP\\Source\\FilteringFunctions\\arm_fir_sparse_q31.c 0x00000000   Number         0  arm_fir_sparse_q31.o ABSOLUTE
    ..\\Drivers\\CMSIS\\DSP\\Source\\FilteringFunctions\\arm_fir_sparse_q7.c 0x00000000   Number         0  arm_fir_sparse_q7.o ABSOLUTE
    ..\\Drivers\\CMSIS\\DSP\\Source\\FilteringFunctions\\arm_iir_lattice_f32.c 0x00000000   Number         0  arm_iir_lattice_f32.o ABSOLUTE
    ..\\Drivers\\CMSIS\\DSP\\Source\\FilteringFunctions\\arm_iir_lattice_init_f32.c 0x00000000   Number         0  arm_iir_lattice_init_f32.o ABSOLUTE
    ..\\Drivers\\CMSIS\\DSP\\Source\\FilteringFunctions\\arm_iir_lattice_init_q15.c 0x00000000   Number         0  arm_iir_lattice_init_q15.o ABSOLUTE
    ..\\Drivers\\CMSIS\\DSP\\Source\\FilteringFunctions\\arm_iir_lattice_init_q31.c 0x00000000   Number         0  arm_iir_lattice_init_q31.o ABSOLUTE
    ..\\Drivers\\CMSIS\\DSP\\Source\\FilteringFunctions\\arm_iir_lattice_q15.c 0x00000000   Number         0  arm_iir_lattice_q15.o ABSOLUTE
    ..\\Drivers\\CMSIS\\DSP\\Source\\FilteringFunctions\\arm_iir_lattice_q31.c 0x00000000   Number         0  arm_iir_lattice_q31.o ABSOLUTE
    ..\\Drivers\\CMSIS\\DSP\\Source\\FilteringFunctions\\arm_lms_f32.c 0x00000000   Number         0  arm_lms_f32.o ABSOLUTE
    ..\\Drivers\\CMSIS\\DSP\\Source\\FilteringFunctions\\arm_lms_init_f32.c 0x00000000   Number         0  arm_lms_init_f32.o ABSOLUTE
    ..\\Drivers\\CMSIS\\DSP\\Source\\FilteringFunctions\\arm_lms_init_q15.c 0x00000000   Number         0  arm_lms_init_q15.o ABSOLUTE
    ..\\Drivers\\CMSIS\\DSP\\Source\\FilteringFunctions\\arm_lms_init_q31.c 0x00000000   Number         0  arm_lms_init_q31.o ABSOLUTE
    ..\\Drivers\\CMSIS\\DSP\\Source\\FilteringFunctions\\arm_lms_norm_f32.c 0x00000000   Number         0  arm_lms_norm_f32.o ABSOLUTE
    ..\\Drivers\\CMSIS\\DSP\\Source\\FilteringFunctions\\arm_lms_norm_init_f32.c 0x00000000   Number         0  arm_lms_norm_init_f32.o ABSOLUTE
    ..\\Drivers\\CMSIS\\DSP\\Source\\FilteringFunctions\\arm_lms_norm_init_q15.c 0x00000000   Number         0  arm_lms_norm_init_q15.o ABSOLUTE
    ..\\Drivers\\CMSIS\\DSP\\Source\\FilteringFunctions\\arm_lms_norm_init_q31.c 0x00000000   Number         0  arm_lms_norm_init_q31.o ABSOLUTE
    ..\\Drivers\\CMSIS\\DSP\\Source\\FilteringFunctions\\arm_lms_norm_q15.c 0x00000000   Number         0  arm_lms_norm_q15.o ABSOLUTE
    ..\\Drivers\\CMSIS\\DSP\\Source\\FilteringFunctions\\arm_lms_norm_q31.c 0x00000000   Number         0  arm_lms_norm_q31.o ABSOLUTE
    ..\\Drivers\\CMSIS\\DSP\\Source\\FilteringFunctions\\arm_lms_q15.c 0x00000000   Number         0  arm_lms_q15.o ABSOLUTE
    ..\\Drivers\\CMSIS\\DSP\\Source\\FilteringFunctions\\arm_lms_q31.c 0x00000000   Number         0  arm_lms_q31.o ABSOLUTE
    ..\\Drivers\\CMSIS\\DSP\\Source\\MatrixFunctions\\arm_mat_add_f32.c 0x00000000   Number         0  arm_mat_add_f32.o ABSOLUTE
    ..\\Drivers\\CMSIS\\DSP\\Source\\MatrixFunctions\\arm_mat_add_q15.c 0x00000000   Number         0  arm_mat_add_q15.o ABSOLUTE
    ..\\Drivers\\CMSIS\\DSP\\Source\\MatrixFunctions\\arm_mat_add_q31.c 0x00000000   Number         0  arm_mat_add_q31.o ABSOLUTE
    ..\\Drivers\\CMSIS\\DSP\\Source\\MatrixFunctions\\arm_mat_cmplx_mult_f32.c 0x00000000   Number         0  arm_mat_cmplx_mult_f32.o ABSOLUTE
    ..\\Drivers\\CMSIS\\DSP\\Source\\MatrixFunctions\\arm_mat_cmplx_mult_q15.c 0x00000000   Number         0  arm_mat_cmplx_mult_q15.o ABSOLUTE
    ..\\Drivers\\CMSIS\\DSP\\Source\\MatrixFunctions\\arm_mat_cmplx_mult_q31.c 0x00000000   Number         0  arm_mat_cmplx_mult_q31.o ABSOLUTE
    ..\\Drivers\\CMSIS\\DSP\\Source\\MatrixFunctions\\arm_mat_init_f32.c 0x00000000   Number         0  arm_mat_init_f32.o ABSOLUTE
    ..\\Drivers\\CMSIS\\DSP\\Source\\MatrixFunctions\\arm_mat_init_q15.c 0x00000000   Number         0  arm_mat_init_q15.o ABSOLUTE
    ..\\Drivers\\CMSIS\\DSP\\Source\\MatrixFunctions\\arm_mat_init_q31.c 0x00000000   Number         0  arm_mat_init_q31.o ABSOLUTE
    ..\\Drivers\\CMSIS\\DSP\\Source\\MatrixFunctions\\arm_mat_inverse_f32.c 0x00000000   Number         0  arm_mat_inverse_f32.o ABSOLUTE
    ..\\Drivers\\CMSIS\\DSP\\Source\\MatrixFunctions\\arm_mat_inverse_f64.c 0x00000000   Number         0  arm_mat_inverse_f64.o ABSOLUTE
    ..\\Drivers\\CMSIS\\DSP\\Source\\MatrixFunctions\\arm_mat_mult_f32.c 0x00000000   Number         0  arm_mat_mult_f32.o ABSOLUTE
    ..\\Drivers\\CMSIS\\DSP\\Source\\MatrixFunctions\\arm_mat_mult_q15.c 0x00000000   Number         0  arm_mat_mult_q15.o ABSOLUTE
    ..\\Drivers\\CMSIS\\DSP\\Source\\MatrixFunctions\\arm_mat_mult_q31.c 0x00000000   Number         0  arm_mat_mult_q31.o ABSOLUTE
    ..\\Drivers\\CMSIS\\DSP\\Source\\MatrixFunctions\\arm_mat_scale_f32.c 0x00000000   Number         0  arm_mat_scale_f32.o ABSOLUTE
    ..\\Drivers\\CMSIS\\DSP\\Source\\MatrixFunctions\\arm_mat_scale_q15.c 0x00000000   Number         0  arm_mat_scale_q15.o ABSOLUTE
    ..\\Drivers\\CMSIS\\DSP\\Source\\MatrixFunctions\\arm_mat_scale_q31.c 0x00000000   Number         0  arm_mat_scale_q31.o ABSOLUTE
    ..\\Drivers\\CMSIS\\DSP\\Source\\MatrixFunctions\\arm_mat_sub_f32.c 0x00000000   Number         0  arm_mat_sub_f32.o ABSOLUTE
    ..\\Drivers\\CMSIS\\DSP\\Source\\MatrixFunctions\\arm_mat_sub_q15.c 0x00000000   Number         0  arm_mat_sub_q15.o ABSOLUTE
    ..\\Drivers\\CMSIS\\DSP\\Source\\MatrixFunctions\\arm_mat_sub_q31.c 0x00000000   Number         0  arm_mat_sub_q31.o ABSOLUTE
    ..\\Drivers\\CMSIS\\DSP\\Source\\MatrixFunctions\\arm_mat_trans_f32.c 0x00000000   Number         0  arm_mat_trans_f32.o ABSOLUTE
    ..\\Drivers\\CMSIS\\DSP\\Source\\MatrixFunctions\\arm_mat_trans_q15.c 0x00000000   Number         0  arm_mat_trans_q15.o ABSOLUTE
    ..\\Drivers\\CMSIS\\DSP\\Source\\MatrixFunctions\\arm_mat_trans_q31.c 0x00000000   Number         0  arm_mat_trans_q31.o ABSOLUTE
    ..\\Drivers\\CMSIS\\DSP\\Source\\StatisticsFunctions\\arm_max_f32.c 0x00000000   Number         0  arm_max_f32.o ABSOLUTE
    ..\\Drivers\\CMSIS\\DSP\\Source\\StatisticsFunctions\\arm_max_q15.c 0x00000000   Number         0  arm_max_q15.o ABSOLUTE
    ..\\Drivers\\CMSIS\\DSP\\Source\\StatisticsFunctions\\arm_max_q31.c 0x00000000   Number         0  arm_max_q31.o ABSOLUTE
    ..\\Drivers\\CMSIS\\DSP\\Source\\StatisticsFunctions\\arm_max_q7.c 0x00000000   Number         0  arm_max_q7.o ABSOLUTE
    ..\\Drivers\\CMSIS\\DSP\\Source\\StatisticsFunctions\\arm_mean_f32.c 0x00000000   Number         0  arm_mean_f32.o ABSOLUTE
    ..\\Drivers\\CMSIS\\DSP\\Source\\StatisticsFunctions\\arm_mean_q15.c 0x00000000   Number         0  arm_mean_q15.o ABSOLUTE
    ..\\Drivers\\CMSIS\\DSP\\Source\\StatisticsFunctions\\arm_mean_q31.c 0x00000000   Number         0  arm_mean_q31.o ABSOLUTE
    ..\\Drivers\\CMSIS\\DSP\\Source\\StatisticsFunctions\\arm_mean_q7.c 0x00000000   Number         0  arm_mean_q7.o ABSOLUTE
    ..\\Drivers\\CMSIS\\DSP\\Source\\StatisticsFunctions\\arm_min_f32.c 0x00000000   Number         0  arm_min_f32.o ABSOLUTE
    ..\\Drivers\\CMSIS\\DSP\\Source\\StatisticsFunctions\\arm_min_q15.c 0x00000000   Number         0  arm_min_q15.o ABSOLUTE
    ..\\Drivers\\CMSIS\\DSP\\Source\\StatisticsFunctions\\arm_min_q31.c 0x00000000   Number         0  arm_min_q31.o ABSOLUTE
    ..\\Drivers\\CMSIS\\DSP\\Source\\StatisticsFunctions\\arm_min_q7.c 0x00000000   Number         0  arm_min_q7.o ABSOLUTE
    ..\\Drivers\\CMSIS\\DSP\\Source\\StatisticsFunctions\\arm_power_f32.c 0x00000000   Number         0  arm_power_f32.o ABSOLUTE
    ..\\Drivers\\CMSIS\\DSP\\Source\\StatisticsFunctions\\arm_power_q15.c 0x00000000   Number         0  arm_power_q15.o ABSOLUTE
    ..\\Drivers\\CMSIS\\DSP\\Source\\StatisticsFunctions\\arm_power_q31.c 0x00000000   Number         0  arm_power_q31.o ABSOLUTE
    ..\\Drivers\\CMSIS\\DSP\\Source\\StatisticsFunctions\\arm_power_q7.c 0x00000000   Number         0  arm_power_q7.o ABSOLUTE
    ..\\Drivers\\CMSIS\\DSP\\Source\\StatisticsFunctions\\arm_rms_f32.c 0x00000000   Number         0  arm_rms_f32.o ABSOLUTE
    ..\\Drivers\\CMSIS\\DSP\\Source\\StatisticsFunctions\\arm_rms_q15.c 0x00000000   Number         0  arm_rms_q15.o ABSOLUTE
    ..\\Drivers\\CMSIS\\DSP\\Source\\StatisticsFunctions\\arm_rms_q31.c 0x00000000   Number         0  arm_rms_q31.o ABSOLUTE
    ..\\Drivers\\CMSIS\\DSP\\Source\\StatisticsFunctions\\arm_std_f32.c 0x00000000   Number         0  arm_std_f32.o ABSOLUTE
    ..\\Drivers\\CMSIS\\DSP\\Source\\StatisticsFunctions\\arm_std_q15.c 0x00000000   Number         0  arm_std_q15.o ABSOLUTE
    ..\\Drivers\\CMSIS\\DSP\\Source\\StatisticsFunctions\\arm_std_q31.c 0x00000000   Number         0  arm_std_q31.o ABSOLUTE
    ..\\Drivers\\CMSIS\\DSP\\Source\\StatisticsFunctions\\arm_var_f32.c 0x00000000   Number         0  arm_var_f32.o ABSOLUTE
    ..\\Drivers\\CMSIS\\DSP\\Source\\StatisticsFunctions\\arm_var_q15.c 0x00000000   Number         0  arm_var_q15.o ABSOLUTE
    ..\\Drivers\\CMSIS\\DSP\\Source\\StatisticsFunctions\\arm_var_q31.c 0x00000000   Number         0  arm_var_q31.o ABSOLUTE
    ..\\Drivers\\CMSIS\\DSP\\Source\\SupportFunctions\\arm_copy_f32.c 0x00000000   Number         0  arm_copy_f32.o ABSOLUTE
    ..\\Drivers\\CMSIS\\DSP\\Source\\SupportFunctions\\arm_copy_q15.c 0x00000000   Number         0  arm_copy_q15.o ABSOLUTE
    ..\\Drivers\\CMSIS\\DSP\\Source\\SupportFunctions\\arm_copy_q31.c 0x00000000   Number         0  arm_copy_q31.o ABSOLUTE
    ..\\Drivers\\CMSIS\\DSP\\Source\\SupportFunctions\\arm_copy_q7.c 0x00000000   Number         0  arm_copy_q7.o ABSOLUTE
    ..\\Drivers\\CMSIS\\DSP\\Source\\SupportFunctions\\arm_fill_f32.c 0x00000000   Number         0  arm_fill_f32.o ABSOLUTE
    ..\\Drivers\\CMSIS\\DSP\\Source\\SupportFunctions\\arm_fill_q15.c 0x00000000   Number         0  arm_fill_q15.o ABSOLUTE
    ..\\Drivers\\CMSIS\\DSP\\Source\\SupportFunctions\\arm_fill_q31.c 0x00000000   Number         0  arm_fill_q31.o ABSOLUTE
    ..\\Drivers\\CMSIS\\DSP\\Source\\SupportFunctions\\arm_fill_q7.c 0x00000000   Number         0  arm_fill_q7.o ABSOLUTE
    ..\\Drivers\\CMSIS\\DSP\\Source\\SupportFunctions\\arm_float_to_q15.c 0x00000000   Number         0  arm_float_to_q15.o ABSOLUTE
    ..\\Drivers\\CMSIS\\DSP\\Source\\SupportFunctions\\arm_float_to_q31.c 0x00000000   Number         0  arm_float_to_q31.o ABSOLUTE
    ..\\Drivers\\CMSIS\\DSP\\Source\\SupportFunctions\\arm_float_to_q7.c 0x00000000   Number         0  arm_float_to_q7.o ABSOLUTE
    ..\\Drivers\\CMSIS\\DSP\\Source\\SupportFunctions\\arm_q15_to_float.c 0x00000000   Number         0  arm_q15_to_float.o ABSOLUTE
    ..\\Drivers\\CMSIS\\DSP\\Source\\SupportFunctions\\arm_q15_to_q31.c 0x00000000   Number         0  arm_q15_to_q31.o ABSOLUTE
    ..\\Drivers\\CMSIS\\DSP\\Source\\SupportFunctions\\arm_q15_to_q7.c 0x00000000   Number         0  arm_q15_to_q7.o ABSOLUTE
    ..\\Drivers\\CMSIS\\DSP\\Source\\SupportFunctions\\arm_q31_to_float.c 0x00000000   Number         0  arm_q31_to_float.o ABSOLUTE
    ..\\Drivers\\CMSIS\\DSP\\Source\\SupportFunctions\\arm_q31_to_q15.c 0x00000000   Number         0  arm_q31_to_q15.o ABSOLUTE
    ..\\Drivers\\CMSIS\\DSP\\Source\\SupportFunctions\\arm_q31_to_q7.c 0x00000000   Number         0  arm_q31_to_q7.o ABSOLUTE
    ..\\Drivers\\CMSIS\\DSP\\Source\\SupportFunctions\\arm_q7_to_float.c 0x00000000   Number         0  arm_q7_to_float.o ABSOLUTE
    ..\\Drivers\\CMSIS\\DSP\\Source\\SupportFunctions\\arm_q7_to_q15.c 0x00000000   Number         0  arm_q7_to_q15.o ABSOLUTE
    ..\\Drivers\\CMSIS\\DSP\\Source\\SupportFunctions\\arm_q7_to_q31.c 0x00000000   Number         0  arm_q7_to_q31.o ABSOLUTE
    ..\\Drivers\\CMSIS\\DSP\\Source\\TransformFunctions\\arm_bitreversal.c 0x00000000   Number         0  arm_bitreversal.o ABSOLUTE
    ..\\Drivers\\CMSIS\\DSP\\Source\\TransformFunctions\\arm_cfft_f32.c 0x00000000   Number         0  arm_cfft_f32.o ABSOLUTE
    ..\\Drivers\\CMSIS\\DSP\\Source\\TransformFunctions\\arm_cfft_q15.c 0x00000000   Number         0  arm_cfft_q15.o ABSOLUTE
    ..\\Drivers\\CMSIS\\DSP\\Source\\TransformFunctions\\arm_cfft_q31.c 0x00000000   Number         0  arm_cfft_q31.o ABSOLUTE
    ..\\Drivers\\CMSIS\\DSP\\Source\\TransformFunctions\\arm_cfft_radix2_f32.c 0x00000000   Number         0  arm_cfft_radix2_f32.o ABSOLUTE
    ..\\Drivers\\CMSIS\\DSP\\Source\\TransformFunctions\\arm_cfft_radix2_init_f32.c 0x00000000   Number         0  arm_cfft_radix2_init_f32.o ABSOLUTE
    ..\\Drivers\\CMSIS\\DSP\\Source\\TransformFunctions\\arm_cfft_radix2_init_q15.c 0x00000000   Number         0  arm_cfft_radix2_init_q15.o ABSOLUTE
    ..\\Drivers\\CMSIS\\DSP\\Source\\TransformFunctions\\arm_cfft_radix2_init_q31.c 0x00000000   Number         0  arm_cfft_radix2_init_q31.o ABSOLUTE
    ..\\Drivers\\CMSIS\\DSP\\Source\\TransformFunctions\\arm_cfft_radix2_q15.c 0x00000000   Number         0  arm_cfft_radix2_q15.o ABSOLUTE
    ..\\Drivers\\CMSIS\\DSP\\Source\\TransformFunctions\\arm_cfft_radix2_q31.c 0x00000000   Number         0  arm_cfft_radix2_q31.o ABSOLUTE
    ..\\Drivers\\CMSIS\\DSP\\Source\\TransformFunctions\\arm_cfft_radix4_f32.c 0x00000000   Number         0  arm_cfft_radix4_f32.o ABSOLUTE
    ..\\Drivers\\CMSIS\\DSP\\Source\\TransformFunctions\\arm_cfft_radix4_init_f32.c 0x00000000   Number         0  arm_cfft_radix4_init_f32.o ABSOLUTE
    ..\\Drivers\\CMSIS\\DSP\\Source\\TransformFunctions\\arm_cfft_radix4_init_q15.c 0x00000000   Number         0  arm_cfft_radix4_init_q15.o ABSOLUTE
    ..\\Drivers\\CMSIS\\DSP\\Source\\TransformFunctions\\arm_cfft_radix4_init_q31.c 0x00000000   Number         0  arm_cfft_radix4_init_q31.o ABSOLUTE
    ..\\Drivers\\CMSIS\\DSP\\Source\\TransformFunctions\\arm_cfft_radix4_q15.c 0x00000000   Number         0  arm_cfft_radix4_q15.o ABSOLUTE
    ..\\Drivers\\CMSIS\\DSP\\Source\\TransformFunctions\\arm_cfft_radix4_q31.c 0x00000000   Number         0  arm_cfft_radix4_q31.o ABSOLUTE
    ..\\Drivers\\CMSIS\\DSP\\Source\\TransformFunctions\\arm_cfft_radix8_f32.c 0x00000000   Number         0  arm_cfft_radix8_f32.o ABSOLUTE
    ..\\Drivers\\CMSIS\\DSP\\Source\\TransformFunctions\\arm_dct4_f32.c 0x00000000   Number         0  arm_dct4_f32.o ABSOLUTE
    ..\\Drivers\\CMSIS\\DSP\\Source\\TransformFunctions\\arm_dct4_init_f32.c 0x00000000   Number         0  arm_dct4_init_f32.o ABSOLUTE
    ..\\Drivers\\CMSIS\\DSP\\Source\\TransformFunctions\\arm_dct4_init_q15.c 0x00000000   Number         0  arm_dct4_init_q15.o ABSOLUTE
    ..\\Drivers\\CMSIS\\DSP\\Source\\TransformFunctions\\arm_dct4_init_q31.c 0x00000000   Number         0  arm_dct4_init_q31.o ABSOLUTE
    ..\\Drivers\\CMSIS\\DSP\\Source\\TransformFunctions\\arm_dct4_q15.c 0x00000000   Number         0  arm_dct4_q15.o ABSOLUTE
    ..\\Drivers\\CMSIS\\DSP\\Source\\TransformFunctions\\arm_dct4_q31.c 0x00000000   Number         0  arm_dct4_q31.o ABSOLUTE
    ..\\Drivers\\CMSIS\\DSP\\Source\\TransformFunctions\\arm_rfft_f32.c 0x00000000   Number         0  arm_rfft_f32.o ABSOLUTE
    ..\\Drivers\\CMSIS\\DSP\\Source\\TransformFunctions\\arm_rfft_fast_f32.c 0x00000000   Number         0  arm_rfft_fast_f32.o ABSOLUTE
    ..\\Drivers\\CMSIS\\DSP\\Source\\TransformFunctions\\arm_rfft_fast_init_f32.c 0x00000000   Number         0  arm_rfft_fast_init_f32.o ABSOLUTE
    ..\\Drivers\\CMSIS\\DSP\\Source\\TransformFunctions\\arm_rfft_init_f32.c 0x00000000   Number         0  arm_rfft_init_f32.o ABSOLUTE
    ..\\Drivers\\CMSIS\\DSP\\Source\\TransformFunctions\\arm_rfft_init_q15.c 0x00000000   Number         0  arm_rfft_init_q15.o ABSOLUTE
    ..\\Drivers\\CMSIS\\DSP\\Source\\TransformFunctions\\arm_rfft_init_q31.c 0x00000000   Number         0  arm_rfft_init_q31.o ABSOLUTE
    ..\\Drivers\\CMSIS\\DSP\\Source\\TransformFunctions\\arm_rfft_q15.c 0x00000000   Number         0  arm_rfft_q15.o ABSOLUTE
    ..\\Drivers\\CMSIS\\DSP\\Source\\TransformFunctions\\arm_rfft_q31.c 0x00000000   Number         0  arm_rfft_q31.o ABSOLUTE
    cdcmple.s                                0x00000000   Number         0  cdcmple.o ABSOLUTE
    cfcmple.s                                0x00000000   Number         0  cfcmple.o ABSOLUTE
    cfrcmple.s                               0x00000000   Number         0  cfrcmple.o ABSOLUTE
    dc.s                                     0x00000000   Number         0  dc.o ABSOLUTE
    handlers.s                               0x00000000   Number         0  handlers.o ABSOLUTE
    init.s                                   0x00000000   Number         0  init.o ABSOLUTE
    startup_stm32f103xb.s                    0x00000000   Number         0  startup_stm32f103xb.o ABSOLUTE
    RESET                                    0x08000000   Section      236  startup_stm32f103xb.o(RESET)
    .ARM.Collect$$$$00000000                 0x080000ec   Section        0  entry.o(.ARM.Collect$$$$00000000)
    .ARM.Collect$$$$00000001                 0x080000ec   Section        4  entry2.o(.ARM.Collect$$$$00000001)
    .ARM.Collect$$$$00000004                 0x080000f0   Section        4  entry5.o(.ARM.Collect$$$$00000004)
    .ARM.Collect$$$$00000008                 0x080000f4   Section        0  entry7b.o(.ARM.Collect$$$$00000008)
    .ARM.Collect$$$$0000000A                 0x080000f4   Section        0  entry8b.o(.ARM.Collect$$$$0000000A)
    .ARM.Collect$$$$0000000B                 0x080000f4   Section        8  entry9a.o(.ARM.Collect$$$$0000000B)
    .ARM.Collect$$$$0000000D                 0x080000fc   Section        0  entry10a.o(.ARM.Collect$$$$0000000D)
    .ARM.Collect$$$$0000000F                 0x080000fc   Section        0  entry11a.o(.ARM.Collect$$$$0000000F)
    .ARM.Collect$$$$00002712                 0x080000fc   Section        4  entry2.o(.ARM.Collect$$$$00002712)
    __lit__00000000                          0x080000fc   Data           4  entry2.o(.ARM.Collect$$$$00002712)
    .text                                    0x08000100   Section       36  startup_stm32f103xb.o(.text)
    .text                                    0x08000124   Section        0  memseta.o(.text)
    .text                                    0x08000148   Section        0  fadd.o(.text)
    .text                                    0x080001f8   Section        0  fscalb.o(.text)
    .text                                    0x08000210   Section        0  fflti.o(.text)
    .text                                    0x08000222   Section        0  ffltui.o(.text)
    .text                                    0x0800022c   Section        0  ffixi.o(.text)
    .text                                    0x0800025e   Section        0  ffixui.o(.text)
    .text                                    0x08000288   Section       20  cfrcmple.o(.text)
    .text                                    0x0800029c   Section        0  iusefp.o(.text)
    .text                                    0x0800029c   Section        0  fepilogue.o(.text)
    .text                                    0x0800030c   Section       36  init.o(.text)
    i.ADC_ConversionStop_Disable             0x08000330   Section        0  stm32f1xx_hal_adc.o(i.ADC_ConversionStop_Disable)
    i.ADC_DMAConvCplt                        0x0800037c   Section        0  stm32f1xx_hal_adc.o(i.ADC_DMAConvCplt)
    i.ADC_DMAError                           0x080003ca   Section        0  stm32f1xx_hal_adc.o(i.ADC_DMAError)
    i.ADC_DMAHalfConvCplt                    0x080003e4   Section        0  stm32f1xx_hal_adc.o(i.ADC_DMAHalfConvCplt)
    i.ADC_Enable                             0x080003f0   Section        0  stm32f1xx_hal_adc.o(i.ADC_Enable)
    i.BusFault_Handler                       0x08000460   Section        0  stm32f1xx_it.o(i.BusFault_Handler)
    i.DMA1_Channel1_IRQHandler               0x08000464   Section        0  stm32f1xx_it.o(i.DMA1_Channel1_IRQHandler)
    i.DMA_SetConfig                          0x08000470   Section        0  stm32f1xx_hal_dma.o(i.DMA_SetConfig)
    DMA_SetConfig                            0x08000471   Thumb Code    42  stm32f1xx_hal_dma.o(i.DMA_SetConfig)
    i.DebugMon_Handler                       0x0800049a   Section        0  stm32f1xx_it.o(i.DebugMon_Handler)
    i.Error_Handler                          0x0800049c   Section        0  main.o(i.Error_Handler)
    i.HAL_ADC_ConfigChannel                  0x080004a0   Section        0  stm32f1xx_hal_adc.o(i.HAL_ADC_ConfigChannel)
    i.HAL_ADC_ConvCpltCallback               0x0800059c   Section        0  main.o(i.HAL_ADC_ConvCpltCallback)
    i.HAL_ADC_ConvHalfCpltCallback           0x080005a8   Section        0  main.o(i.HAL_ADC_ConvHalfCpltCallback)
    i.HAL_ADC_ErrorCallback                  0x080005b4   Section        0  stm32f1xx_hal_adc.o(i.HAL_ADC_ErrorCallback)
    i.HAL_ADC_Init                           0x080005b8   Section        0  stm32f1xx_hal_adc.o(i.HAL_ADC_Init)
    i.HAL_ADC_MspInit                        0x080006d4   Section        0  stm32f1xx_hal_msp.o(i.HAL_ADC_MspInit)
    i.HAL_ADC_Start_DMA                      0x08000764   Section        0  stm32f1xx_hal_adc.o(i.HAL_ADC_Start_DMA)
    i.HAL_DMA_IRQHandler                     0x08000870   Section        0  stm32f1xx_hal_dma.o(i.HAL_DMA_IRQHandler)
    i.HAL_DMA_Init                           0x080009c4   Section        0  stm32f1xx_hal_dma.o(i.HAL_DMA_Init)
    i.HAL_DMA_Start_IT                       0x08000a20   Section        0  stm32f1xx_hal_dma.o(i.HAL_DMA_Start_IT)
    i.HAL_GPIO_Init                          0x08000a90   Section        0  stm32f1xx_hal_gpio.o(i.HAL_GPIO_Init)
    i.HAL_GPIO_WritePin                      0x08000c70   Section        0  stm32f1xx_hal_gpio.o(i.HAL_GPIO_WritePin)
    i.HAL_GetTick                            0x08000c7c   Section        0  stm32f1xx_hal.o(i.HAL_GetTick)
    i.HAL_IncTick                            0x08000c88   Section        0  stm32f1xx_hal.o(i.HAL_IncTick)
    i.HAL_Init                               0x08000c98   Section        0  stm32f1xx_hal.o(i.HAL_Init)
    i.HAL_InitTick                           0x08000cbc   Section        0  stm32f1xx_hal.o(i.HAL_InitTick)
    i.HAL_MspInit                            0x08000cfc   Section        0  stm32f1xx_hal_msp.o(i.HAL_MspInit)
    i.HAL_NVIC_EnableIRQ                     0x08000d38   Section        0  stm32f1xx_hal_cortex.o(i.HAL_NVIC_EnableIRQ)
    i.HAL_NVIC_SetPriority                   0x08000d54   Section        0  stm32f1xx_hal_cortex.o(i.HAL_NVIC_SetPriority)
    i.HAL_NVIC_SetPriorityGrouping           0x08000d94   Section        0  stm32f1xx_hal_cortex.o(i.HAL_NVIC_SetPriorityGrouping)
    i.HAL_RCCEx_PeriphCLKConfig              0x08000db8   Section        0  stm32f1xx_hal_rcc_ex.o(i.HAL_RCCEx_PeriphCLKConfig)
    i.HAL_RCC_ClockConfig                    0x08000ea4   Section        0  stm32f1xx_hal_rcc.o(i.HAL_RCC_ClockConfig)
    i.HAL_RCC_GetSysClockFreq                0x08000fd0   Section        0  stm32f1xx_hal_rcc.o(i.HAL_RCC_GetSysClockFreq)
    i.HAL_RCC_OscConfig                      0x0800103c   Section        0  stm32f1xx_hal_rcc.o(i.HAL_RCC_OscConfig)
    i.HAL_SYSTICK_Config                     0x0800135c   Section        0  stm32f1xx_hal_cortex.o(i.HAL_SYSTICK_Config)
    i.HAL_TIMEx_BreakCallback                0x08001384   Section        0  stm32f1xx_hal_tim_ex.o(i.HAL_TIMEx_BreakCallback)
    i.HAL_TIMEx_CommutCallback               0x08001386   Section        0  stm32f1xx_hal_tim_ex.o(i.HAL_TIMEx_CommutCallback)
    i.HAL_TIMEx_MasterConfigSynchronization  0x08001388   Section        0  stm32f1xx_hal_tim_ex.o(i.HAL_TIMEx_MasterConfigSynchronization)
    i.HAL_TIM_Base_Init                      0x080013f0   Section        0  stm32f1xx_hal_tim.o(i.HAL_TIM_Base_Init)
    i.HAL_TIM_Base_MspInit                   0x0800144c   Section        0  stm32f1xx_hal_msp.o(i.HAL_TIM_Base_MspInit)
    i.HAL_TIM_Base_Start                     0x080014a0   Section        0  stm32f1xx_hal_tim.o(i.HAL_TIM_Base_Start)
    i.HAL_TIM_Base_Start_IT                  0x080014f0   Section        0  stm32f1xx_hal_tim.o(i.HAL_TIM_Base_Start_IT)
    i.HAL_TIM_ConfigClockSource              0x08001548   Section        0  stm32f1xx_hal_tim.o(i.HAL_TIM_ConfigClockSource)
    i.HAL_TIM_IC_CaptureCallback             0x0800161e   Section        0  stm32f1xx_hal_tim.o(i.HAL_TIM_IC_CaptureCallback)
    i.HAL_TIM_IRQHandler                     0x08001620   Section        0  stm32f1xx_hal_tim.o(i.HAL_TIM_IRQHandler)
    i.HAL_TIM_OC_DelayElapsedCallback        0x08001786   Section        0  stm32f1xx_hal_tim.o(i.HAL_TIM_OC_DelayElapsedCallback)
    i.HAL_TIM_PWM_PulseFinishedCallback      0x08001788   Section        0  stm32f1xx_hal_tim.o(i.HAL_TIM_PWM_PulseFinishedCallback)
    i.HAL_TIM_PeriodElapsedCallback          0x0800178c   Section        0  main.o(i.HAL_TIM_PeriodElapsedCallback)
    i.HAL_TIM_TriggerCallback                0x080017f0   Section        0  stm32f1xx_hal_tim.o(i.HAL_TIM_TriggerCallback)
    i.HardFault_Handler                      0x080017f2   Section        0  stm32f1xx_it.o(i.HardFault_Handler)
    i.InitGpioTables                         0x080017f4   Section        0  main.o(i.InitGpioTables)
    InitGpioTables                           0x080017f5   Thumb Code   234  main.o(i.InitGpioTables)
    i.MX_ADC1_Init                           0x080018e4   Section        0  main.o(i.MX_ADC1_Init)
    MX_ADC1_Init                             0x080018e5   Thumb Code    70  main.o(i.MX_ADC1_Init)
    i.MX_GPIO_Init                           0x08001934   Section        0  main.o(i.MX_GPIO_Init)
    MX_GPIO_Init                             0x08001935   Thumb Code   144  main.o(i.MX_GPIO_Init)
    i.MX_TIM3_Init                           0x080019d0   Section        0  main.o(i.MX_TIM3_Init)
    MX_TIM3_Init                             0x080019d1   Thumb Code    92  main.o(i.MX_TIM3_Init)
    i.MX_TIM4_Init                           0x08001a34   Section        0  main.o(i.MX_TIM4_Init)
    MX_TIM4_Init                             0x08001a35   Thumb Code    92  main.o(i.MX_TIM4_Init)
    i.MemManage_Handler                      0x08001a98   Section        0  stm32f1xx_it.o(i.MemManage_Handler)
    i.NMI_Handler                            0x08001a9a   Section        0  stm32f1xx_it.o(i.NMI_Handler)
    i.PendSV_Handler                         0x08001a9c   Section        0  stm32f1xx_it.o(i.PendSV_Handler)
    i.ProcessFFT                             0x08001aa0   Section        0  main.o(i.ProcessFFT)
    ProcessFFT                               0x08001aa1   Thumb Code    62  main.o(i.ProcessFFT)
    i.SVC_Handler                            0x08001ae8   Section        0  stm32f1xx_it.o(i.SVC_Handler)
    i.SysTick_Handler                        0x08001aea   Section        0  stm32f1xx_it.o(i.SysTick_Handler)
    i.SystemClock_Config                     0x08001aee   Section        0  main.o(i.SystemClock_Config)
    i.SystemInit                             0x08001b66   Section        0  system_stm32f1xx.o(i.SystemInit)
    i.TIM4_IRQHandler                        0x08001b68   Section        0  stm32f1xx_it.o(i.TIM4_IRQHandler)
    i.TIM_Base_SetConfig                     0x08001b74   Section        0  stm32f1xx_hal_tim.o(i.TIM_Base_SetConfig)
    i.TIM_ETR_SetConfig                      0x08001be0   Section        0  stm32f1xx_hal_tim.o(i.TIM_ETR_SetConfig)
    i.TIM_ITRx_SetConfig                     0x08001bf4   Section        0  stm32f1xx_hal_tim.o(i.TIM_ITRx_SetConfig)
    TIM_ITRx_SetConfig                       0x08001bf5   Thumb Code    16  stm32f1xx_hal_tim.o(i.TIM_ITRx_SetConfig)
    i.TIM_TI1_ConfigInputStage               0x08001c04   Section        0  stm32f1xx_hal_tim.o(i.TIM_TI1_ConfigInputStage)
    TIM_TI1_ConfigInputStage                 0x08001c05   Thumb Code    34  stm32f1xx_hal_tim.o(i.TIM_TI1_ConfigInputStage)
    i.TIM_TI2_ConfigInputStage               0x08001c26   Section        0  stm32f1xx_hal_tim.o(i.TIM_TI2_ConfigInputStage)
    TIM_TI2_ConfigInputStage                 0x08001c27   Thumb Code    36  stm32f1xx_hal_tim.o(i.TIM_TI2_ConfigInputStage)
    i.UsageFault_Handler                     0x08001c4a   Section        0  stm32f1xx_it.o(i.UsageFault_Handler)
    i.__NVIC_SetPriority                     0x08001c4c   Section        0  stm32f1xx_hal_cortex.o(i.__NVIC_SetPriority)
    __NVIC_SetPriority                       0x08001c4d   Thumb Code    32  stm32f1xx_hal_cortex.o(i.__NVIC_SetPriority)
    i.__scatterload_copy                     0x08001c6c   Section       14  handlers.o(i.__scatterload_copy)
    i.__scatterload_null                     0x08001c7a   Section        2  handlers.o(i.__scatterload_null)
    i.__scatterload_zeroinit                 0x08001c7c   Section       14  handlers.o(i.__scatterload_zeroinit)
    i.arm_bitreversal_q31                    0x08001c8a   Section        0  arm_bitreversal.o(i.arm_bitreversal_q31)
    i.arm_cfft_radix2_init_q31               0x08001d34   Section        0  arm_cfft_radix2_init_q31.o(i.arm_cfft_radix2_init_q31)
    i.arm_cfft_radix2_q31                    0x08001df4   Section        0  arm_cfft_radix2_q31.o(i.arm_cfft_radix2_q31)
    i.arm_cmplx_mag_q31                      0x08001e24   Section        0  arm_cmplx_mag_q31.o(i.arm_cmplx_mag_q31)
    i.arm_radix2_butterfly_inverse_q31       0x08001e52   Section        0  arm_cfft_radix2_q31.o(i.arm_radix2_butterfly_inverse_q31)
    i.arm_radix2_butterfly_q31               0x0800206c   Section        0  arm_cfft_radix2_q31.o(i.arm_radix2_butterfly_q31)
    i.arm_sqrt_q31                           0x08002280   Section        0  arm_sqrt_q31.o(i.arm_sqrt_q31)
    i.main                                   0x08002360   Section        0  main.o(i.main)
    .constdata                               0x0800262c   Section     2048  arm_common_tables.o(.constdata)
    .constdata                               0x08002e2c   Section    24576  arm_common_tables.o(.constdata)
    .constdata                               0x08008e2c   Section       16  system_stm32f1xx.o(.constdata)
    .data                                    0x20000000   Section        2  main.o(.data)
    fftReady                                 0x20000000   Data           1  main.o(.data)
    column                                   0x20000001   Data           1  main.o(.data)
    .data                                    0x20000004   Section       12  stm32f1xx_hal.o(.data)
    .data                                    0x20000010   Section        4  system_stm32f1xx.o(.data)
    .bss                                     0x20000014   Section    16896  main.o(.bss)
    adcBuffer                                0x20000014   Data        4096  main.o(.bss)
    fftSamples                               0x20001014   Data        8192  main.o(.bss)
    fftMagnitudes                            0x20003014   Data        4096  main.o(.bss)
    fftLevels                                0x200040d4   Data          40  main.o(.bss)
    ledLevels                                0x200040fc   Data          10  main.o(.bss)
    ledMaxLevels                             0x20004108   Data          40  main.o(.bss)
    ledData                                  0x20004130   Data          10  main.o(.bss)
    loweringTimings                          0x2000413a   Data          10  main.o(.bss)
    BSRR_REGS_COLUMNS_PORTA                  0x20004144   Data          40  main.o(.bss)
    BSRR_REGS_COLUMNS_PORTB                  0x2000416c   Data          40  main.o(.bss)
    BSRR_REGS_ROWS_PORTA                     0x20004194   Data          56  main.o(.bss)
    BSRR_REGS_ROWS_PORTB                     0x200041cc   Data          56  main.o(.bss)
    .bss                                     0x20004214   Section       68  main.o(.bss)
    STACK                                    0x20004258   Section     2560  startup_stm32f103xb.o(STACK)

    Global Symbols

    Symbol Name                              Value     Ov Type        Size  Object(Section)

    BuildAttributes$$THM_ISAv4$P$D$K$B$S$PE$A:L22UL41UL21$X:L11$S22US41US21$IEEE1$IW$USESV6$~STKCKD$USESV7$~SHL$OTIME$ROPI$IEEEJ$EBA8$MICROLIB$REQ8$PRES8$EABIv2 0x00000000   Number         0  anon$$obj.o ABSOLUTE
    __ARM_use_no_argv                        0x00000000   Number         0  main.o ABSOLUTE
    __cpp_initialize__aeabi_                  - Undefined Weak Reference
    __cxa_finalize                            - Undefined Weak Reference
    __decompress                              - Undefined Weak Reference
    _clock_init                               - Undefined Weak Reference
    _microlib_exit                            - Undefined Weak Reference
    __Vectors_Size                           0x000000ec   Number         0  startup_stm32f103xb.o ABSOLUTE
    __Vectors                                0x08000000   Data           4  startup_stm32f103xb.o(RESET)
    __Vectors_End                            0x080000ec   Data           0  startup_stm32f103xb.o(RESET)
    __main                                   0x080000ed   Thumb Code     0  entry.o(.ARM.Collect$$$$00000000)
    _main_stk                                0x080000ed   Thumb Code     0  entry2.o(.ARM.Collect$$$$00000001)
    _main_scatterload                        0x080000f1   Thumb Code     0  entry5.o(.ARM.Collect$$$$00000004)
    __main_after_scatterload                 0x080000f5   Thumb Code     0  entry5.o(.ARM.Collect$$$$00000004)
    _main_clock                              0x080000f5   Thumb Code     0  entry7b.o(.ARM.Collect$$$$00000008)
    _main_cpp_init                           0x080000f5   Thumb Code     0  entry8b.o(.ARM.Collect$$$$0000000A)
    _main_init                               0x080000f5   Thumb Code     0  entry9a.o(.ARM.Collect$$$$0000000B)
    __rt_final_cpp                           0x080000fd   Thumb Code     0  entry10a.o(.ARM.Collect$$$$0000000D)
    __rt_final_exit                          0x080000fd   Thumb Code     0  entry11a.o(.ARM.Collect$$$$0000000F)
    Reset_Handler                            0x08000101   Thumb Code     8  startup_stm32f103xb.o(.text)
    ADC1_2_IRQHandler                        0x0800011b   Thumb Code     0  startup_stm32f103xb.o(.text)
    CAN1_RX1_IRQHandler                      0x0800011b   Thumb Code     0  startup_stm32f103xb.o(.text)
    CAN1_SCE_IRQHandler                      0x0800011b   Thumb Code     0  startup_stm32f103xb.o(.text)
    DMA1_Channel2_IRQHandler                 0x0800011b   Thumb Code     0  startup_stm32f103xb.o(.text)
    DMA1_Channel3_IRQHandler                 0x0800011b   Thumb Code     0  startup_stm32f103xb.o(.text)
    DMA1_Channel4_IRQHandler                 0x0800011b   Thumb Code     0  startup_stm32f103xb.o(.text)
    DMA1_Channel5_IRQHandler                 0x0800011b   Thumb Code     0  startup_stm32f103xb.o(.text)
    DMA1_Channel6_IRQHandler                 0x0800011b   Thumb Code     0  startup_stm32f103xb.o(.text)
    DMA1_Channel7_IRQHandler                 0x0800011b   Thumb Code     0  startup_stm32f103xb.o(.text)
    EXTI0_IRQHandler                         0x0800011b   Thumb Code     0  startup_stm32f103xb.o(.text)
    EXTI15_10_IRQHandler                     0x0800011b   Thumb Code     0  startup_stm32f103xb.o(.text)
    EXTI1_IRQHandler                         0x0800011b   Thumb Code     0  startup_stm32f103xb.o(.text)
    EXTI2_IRQHandler                         0x0800011b   Thumb Code     0  startup_stm32f103xb.o(.text)
    EXTI3_IRQHandler                         0x0800011b   Thumb Code     0  startup_stm32f103xb.o(.text)
    EXTI4_IRQHandler                         0x0800011b   Thumb Code     0  startup_stm32f103xb.o(.text)
    EXTI9_5_IRQHandler                       0x0800011b   Thumb Code     0  startup_stm32f103xb.o(.text)
    FLASH_IRQHandler                         0x0800011b   Thumb Code     0  startup_stm32f103xb.o(.text)
    I2C1_ER_IRQHandler                       0x0800011b   Thumb Code     0  startup_stm32f103xb.o(.text)
    I2C1_EV_IRQHandler                       0x0800011b   Thumb Code     0  startup_stm32f103xb.o(.text)
    I2C2_ER_IRQHandler                       0x0800011b   Thumb Code     0  startup_stm32f103xb.o(.text)
    I2C2_EV_IRQHandler                       0x0800011b   Thumb Code     0  startup_stm32f103xb.o(.text)
    PVD_IRQHandler                           0x0800011b   Thumb Code     0  startup_stm32f103xb.o(.text)
    RCC_IRQHandler                           0x0800011b   Thumb Code     0  startup_stm32f103xb.o(.text)
    RTC_Alarm_IRQHandler                     0x0800011b   Thumb Code     0  startup_stm32f103xb.o(.text)
    RTC_IRQHandler                           0x0800011b   Thumb Code     0  startup_stm32f103xb.o(.text)
    SPI1_IRQHandler                          0x0800011b   Thumb Code     0  startup_stm32f103xb.o(.text)
    SPI2_IRQHandler                          0x0800011b   Thumb Code     0  startup_stm32f103xb.o(.text)
    TAMPER_IRQHandler                        0x0800011b   Thumb Code     0  startup_stm32f103xb.o(.text)
    TIM1_BRK_IRQHandler                      0x0800011b   Thumb Code     0  startup_stm32f103xb.o(.text)
    TIM1_CC_IRQHandler                       0x0800011b   Thumb Code     0  startup_stm32f103xb.o(.text)
    TIM1_TRG_COM_IRQHandler                  0x0800011b   Thumb Code     0  startup_stm32f103xb.o(.text)
    TIM1_UP_IRQHandler                       0x0800011b   Thumb Code     0  startup_stm32f103xb.o(.text)
    TIM2_IRQHandler                          0x0800011b   Thumb Code     0  startup_stm32f103xb.o(.text)
    TIM3_IRQHandler                          0x0800011b   Thumb Code     0  startup_stm32f103xb.o(.text)
    USART1_IRQHandler                        0x0800011b   Thumb Code     0  startup_stm32f103xb.o(.text)
    USART2_IRQHandler                        0x0800011b   Thumb Code     0  startup_stm32f103xb.o(.text)
    USART3_IRQHandler                        0x0800011b   Thumb Code     0  startup_stm32f103xb.o(.text)
    USBWakeUp_IRQHandler                     0x0800011b   Thumb Code     0  startup_stm32f103xb.o(.text)
    USB_HP_CAN1_TX_IRQHandler                0x0800011b   Thumb Code     0  startup_stm32f103xb.o(.text)
    USB_LP_CAN1_RX0_IRQHandler               0x0800011b   Thumb Code     0  startup_stm32f103xb.o(.text)
    WWDG_IRQHandler                          0x0800011b   Thumb Code     0  startup_stm32f103xb.o(.text)
    __aeabi_memset                           0x08000125   Thumb Code    14  memseta.o(.text)
    __aeabi_memset4                          0x08000125   Thumb Code     0  memseta.o(.text)
    __aeabi_memset8                          0x08000125   Thumb Code     0  memseta.o(.text)
    __aeabi_memclr                           0x08000133   Thumb Code     4  memseta.o(.text)
    __aeabi_memclr4                          0x08000133   Thumb Code     0  memseta.o(.text)
    __aeabi_memclr8                          0x08000133   Thumb Code     0  memseta.o(.text)
    _memset$wrapper                          0x08000137   Thumb Code    18  memseta.o(.text)
    __aeabi_fadd                             0x08000149   Thumb Code   164  fadd.o(.text)
    __aeabi_fsub                             0x080001ed   Thumb Code     6  fadd.o(.text)
    __aeabi_frsub                            0x080001f3   Thumb Code     6  fadd.o(.text)
    __ARM_scalbnf                            0x080001f9   Thumb Code    24  fscalb.o(.text)
    scalbnf                                  0x080001f9   Thumb Code     0  fscalb.o(.text)
    __aeabi_i2f                              0x08000211   Thumb Code    18  fflti.o(.text)
    __aeabi_ui2f                             0x08000223   Thumb Code    10  ffltui.o(.text)
    __aeabi_f2iz                             0x0800022d   Thumb Code    50  ffixi.o(.text)
    __aeabi_f2uiz                            0x0800025f   Thumb Code    40  ffixui.o(.text)
    __aeabi_cfrcmple                         0x08000289   Thumb Code    20  cfrcmple.o(.text)
    __I$use$fp                               0x0800029d   Thumb Code     0  iusefp.o(.text)
    _float_round                             0x0800029d   Thumb Code    18  fepilogue.o(.text)
    _float_epilogue                          0x080002af   Thumb Code    92  fepilogue.o(.text)
    __scatterload                            0x0800030d   Thumb Code    28  init.o(.text)
    __scatterload_rt2                        0x0800030d   Thumb Code     0  init.o(.text)
    ADC_ConversionStop_Disable               0x08000331   Thumb Code    76  stm32f1xx_hal_adc.o(i.ADC_ConversionStop_Disable)
    ADC_DMAConvCplt                          0x0800037d   Thumb Code    78  stm32f1xx_hal_adc.o(i.ADC_DMAConvCplt)
    ADC_DMAError                             0x080003cb   Thumb Code    26  stm32f1xx_hal_adc.o(i.ADC_DMAError)
    ADC_DMAHalfConvCplt                      0x080003e5   Thumb Code    10  stm32f1xx_hal_adc.o(i.ADC_DMAHalfConvCplt)
    ADC_Enable                               0x080003f1   Thumb Code   104  stm32f1xx_hal_adc.o(i.ADC_Enable)
    BusFault_Handler                         0x08000461   Thumb Code     2  stm32f1xx_it.o(i.BusFault_Handler)
    DMA1_Channel1_IRQHandler                 0x08000465   Thumb Code     6  stm32f1xx_it.o(i.DMA1_Channel1_IRQHandler)
    DebugMon_Handler                         0x0800049b   Thumb Code     2  stm32f1xx_it.o(i.DebugMon_Handler)
    Error_Handler                            0x0800049d   Thumb Code     4  main.o(i.Error_Handler)
    HAL_ADC_ConfigChannel                    0x080004a1   Thumb Code   240  stm32f1xx_hal_adc.o(i.HAL_ADC_ConfigChannel)
    HAL_ADC_ConvCpltCallback                 0x0800059d   Thumb Code     6  main.o(i.HAL_ADC_ConvCpltCallback)
    HAL_ADC_ConvHalfCpltCallback             0x080005a9   Thumb Code     6  main.o(i.HAL_ADC_ConvHalfCpltCallback)
    HAL_ADC_ErrorCallback                    0x080005b5   Thumb Code     2  stm32f1xx_hal_adc.o(i.HAL_ADC_ErrorCallback)
    HAL_ADC_Init                             0x080005b9   Thumb Code   272  stm32f1xx_hal_adc.o(i.HAL_ADC_Init)
    HAL_ADC_MspInit                          0x080006d5   Thumb Code   122  stm32f1xx_hal_msp.o(i.HAL_ADC_MspInit)
    HAL_ADC_Start_DMA                        0x08000765   Thumb Code   246  stm32f1xx_hal_adc.o(i.HAL_ADC_Start_DMA)
    HAL_DMA_IRQHandler                       0x08000871   Thumb Code   316  stm32f1xx_hal_dma.o(i.HAL_DMA_IRQHandler)
    HAL_DMA_Init                             0x080009c5   Thumb Code    84  stm32f1xx_hal_dma.o(i.HAL_DMA_Init)
    HAL_DMA_Start_IT                         0x08000a21   Thumb Code   112  stm32f1xx_hal_dma.o(i.HAL_DMA_Start_IT)
    HAL_GPIO_Init                            0x08000a91   Thumb Code   446  stm32f1xx_hal_gpio.o(i.HAL_GPIO_Init)
    HAL_GPIO_WritePin                        0x08000c71   Thumb Code    10  stm32f1xx_hal_gpio.o(i.HAL_GPIO_WritePin)
    HAL_GetTick                              0x08000c7d   Thumb Code     6  stm32f1xx_hal.o(i.HAL_GetTick)
    HAL_IncTick                              0x08000c89   Thumb Code    12  stm32f1xx_hal.o(i.HAL_IncTick)
    HAL_Init                                 0x08000c99   Thumb Code    32  stm32f1xx_hal.o(i.HAL_Init)
    HAL_InitTick                             0x08000cbd   Thumb Code    54  stm32f1xx_hal.o(i.HAL_InitTick)
    HAL_MspInit                              0x08000cfd   Thumb Code    52  stm32f1xx_hal_msp.o(i.HAL_MspInit)
    HAL_NVIC_EnableIRQ                       0x08000d39   Thumb Code    26  stm32f1xx_hal_cortex.o(i.HAL_NVIC_EnableIRQ)
    HAL_NVIC_SetPriority                     0x08000d55   Thumb Code    60  stm32f1xx_hal_cortex.o(i.HAL_NVIC_SetPriority)
    HAL_NVIC_SetPriorityGrouping             0x08000d95   Thumb Code    26  stm32f1xx_hal_cortex.o(i.HAL_NVIC_SetPriorityGrouping)
    HAL_RCCEx_PeriphCLKConfig                0x08000db9   Thumb Code   224  stm32f1xx_hal_rcc_ex.o(i.HAL_RCCEx_PeriphCLKConfig)
    HAL_RCC_ClockConfig                      0x08000ea5   Thumb Code   280  stm32f1xx_hal_rcc.o(i.HAL_RCC_ClockConfig)
    HAL_RCC_GetSysClockFreq                  0x08000fd1   Thumb Code    74  stm32f1xx_hal_rcc.o(i.HAL_RCC_GetSysClockFreq)
    HAL_RCC_OscConfig                        0x0800103d   Thumb Code   778  stm32f1xx_hal_rcc.o(i.HAL_RCC_OscConfig)
    HAL_SYSTICK_Config                       0x0800135d   Thumb Code    40  stm32f1xx_hal_cortex.o(i.HAL_SYSTICK_Config)
    HAL_TIMEx_BreakCallback                  0x08001385   Thumb Code     2  stm32f1xx_hal_tim_ex.o(i.HAL_TIMEx_BreakCallback)
    HAL_TIMEx_CommutCallback                 0x08001387   Thumb Code     2  stm32f1xx_hal_tim_ex.o(i.HAL_TIMEx_CommutCallback)
    HAL_TIMEx_MasterConfigSynchronization    0x08001389   Thumb Code    92  stm32f1xx_hal_tim_ex.o(i.HAL_TIMEx_MasterConfigSynchronization)
    HAL_TIM_Base_Init                        0x080013f1   Thumb Code    90  stm32f1xx_hal_tim.o(i.HAL_TIM_Base_Init)
    HAL_TIM_Base_MspInit                     0x0800144d   Thumb Code    72  stm32f1xx_hal_msp.o(i.HAL_TIM_Base_MspInit)
    HAL_TIM_Base_Start                       0x080014a1   Thumb Code    66  stm32f1xx_hal_tim.o(i.HAL_TIM_Base_Start)
    HAL_TIM_Base_Start_IT                    0x080014f1   Thumb Code    76  stm32f1xx_hal_tim.o(i.HAL_TIM_Base_Start_IT)
    HAL_TIM_ConfigClockSource                0x08001549   Thumb Code   214  stm32f1xx_hal_tim.o(i.HAL_TIM_ConfigClockSource)
    HAL_TIM_IC_CaptureCallback               0x0800161f   Thumb Code     2  stm32f1xx_hal_tim.o(i.HAL_TIM_IC_CaptureCallback)
    HAL_TIM_IRQHandler                       0x08001621   Thumb Code   358  stm32f1xx_hal_tim.o(i.HAL_TIM_IRQHandler)
    HAL_TIM_OC_DelayElapsedCallback          0x08001787   Thumb Code     2  stm32f1xx_hal_tim.o(i.HAL_TIM_OC_DelayElapsedCallback)
    HAL_TIM_PWM_PulseFinishedCallback        0x08001789   Thumb Code     2  stm32f1xx_hal_tim.o(i.HAL_TIM_PWM_PulseFinishedCallback)
    HAL_TIM_PeriodElapsedCallback            0x0800178d   Thumb Code    82  main.o(i.HAL_TIM_PeriodElapsedCallback)
    HAL_TIM_TriggerCallback                  0x080017f1   Thumb Code     2  stm32f1xx_hal_tim.o(i.HAL_TIM_TriggerCallback)
    HardFault_Handler                        0x080017f3   Thumb Code     2  stm32f1xx_it.o(i.HardFault_Handler)
    MemManage_Handler                        0x08001a99   Thumb Code     2  stm32f1xx_it.o(i.MemManage_Handler)
    NMI_Handler                              0x08001a9b   Thumb Code     2  stm32f1xx_it.o(i.NMI_Handler)
    PendSV_Handler                           0x08001a9d   Thumb Code     2  stm32f1xx_it.o(i.PendSV_Handler)
    SVC_Handler                              0x08001ae9   Thumb Code     2  stm32f1xx_it.o(i.SVC_Handler)
    SysTick_Handler                          0x08001aeb   Thumb Code     4  stm32f1xx_it.o(i.SysTick_Handler)
    SystemClock_Config                       0x08001aef   Thumb Code   120  main.o(i.SystemClock_Config)
    SystemInit                               0x08001b67   Thumb Code     2  system_stm32f1xx.o(i.SystemInit)
    TIM4_IRQHandler                          0x08001b69   Thumb Code     6  stm32f1xx_it.o(i.TIM4_IRQHandler)
    TIM_Base_SetConfig                       0x08001b75   Thumb Code    94  stm32f1xx_hal_tim.o(i.TIM_Base_SetConfig)
    TIM_ETR_SetConfig                        0x08001be1   Thumb Code    20  stm32f1xx_hal_tim.o(i.TIM_ETR_SetConfig)
    UsageFault_Handler                       0x08001c4b   Thumb Code     2  stm32f1xx_it.o(i.UsageFault_Handler)
    __scatterload_copy                       0x08001c6d   Thumb Code    14  handlers.o(i.__scatterload_copy)
    __scatterload_null                       0x08001c7b   Thumb Code     2  handlers.o(i.__scatterload_null)
    __scatterload_zeroinit                   0x08001c7d   Thumb Code    14  handlers.o(i.__scatterload_zeroinit)
    arm_bitreversal_q31                      0x08001c8b   Thumb Code   170  arm_bitreversal.o(i.arm_bitreversal_q31)
    arm_cfft_radix2_init_q31                 0x08001d35   Thumb Code   178  arm_cfft_radix2_init_q31.o(i.arm_cfft_radix2_init_q31)
    arm_cfft_radix2_q31                      0x08001df5   Thumb Code    46  arm_cfft_radix2_q31.o(i.arm_cfft_radix2_q31)
    arm_cmplx_mag_q31                        0x08001e25   Thumb Code    46  arm_cmplx_mag_q31.o(i.arm_cmplx_mag_q31)
    arm_radix2_butterfly_inverse_q31         0x08001e53   Thumb Code   538  arm_cfft_radix2_q31.o(i.arm_radix2_butterfly_inverse_q31)
    arm_radix2_butterfly_q31                 0x0800206d   Thumb Code   532  arm_cfft_radix2_q31.o(i.arm_radix2_butterfly_q31)
    arm_sqrt_q31                             0x08002281   Thumb Code   220  arm_sqrt_q31.o(i.arm_sqrt_q31)
    main                                     0x08002361   Thumb Code   676  main.o(i.main)
    armBitRevTable                           0x0800262c   Data        2048  arm_common_tables.o(.constdata)
    twiddleCoef_4096_q31                     0x08002e2c   Data       24576  arm_common_tables.o(.constdata)
    AHBPrescTable                            0x08008e2c   Data          16  system_stm32f1xx.o(.constdata)
    Region$$Table$$Base                      0x08008e3c   Number         0  anon$$obj.o(Region$$Table)
    Region$$Table$$Limit                     0x08008e5c   Number         0  anon$$obj.o(Region$$Table)
    uwTickFreq                               0x20000004   Data           1  stm32f1xx_hal.o(.data)
    uwTickPrio                               0x20000008   Data           4  stm32f1xx_hal.o(.data)
    uwTick                                   0x2000000c   Data           4  stm32f1xx_hal.o(.data)
    SystemCoreClock                          0x20000010   Data           4  system_stm32f1xx.o(.data)
    hadc1                                    0x20004014   Data          48  main.o(.bss)
    htim3                                    0x20004044   Data          72  main.o(.bss)
    htim4                                    0x2000408c   Data          72  main.o(.bss)
    fft                                      0x20004204   Data          16  main.o(.bss)
    hdma_adc1                                0x20004214   Data          68  main.o(.bss)
    __initial_sp                             0x20004c58   Data           0  startup_stm32f103xb.o(STACK)



==============================================================================

Memory Map of the image

  Image Entry point : 0x080000ed

  Load Region LR_IROM1 (Base: 0x08000000, Size: 0x00008e70, Max: 0x00010000, ABSOLUTE)

    Execution Region ER_IROM1 (Base: 0x08000000, Size: 0x00008e5c, Max: 0x00010000, ABSOLUTE)

    Base Addr    Size         Type   Attr      Idx    E Section Name        Object

    0x08000000   0x000000ec   Data   RO            3    RESET               startup_stm32f103xb.o
    0x080000ec   0x00000000   Code   RO         9563  * .ARM.Collect$$$$00000000  mc_w.l(entry.o)
    0x080000ec   0x00000004   Code   RO         9606    .ARM.Collect$$$$00000001  mc_w.l(entry2.o)
    0x080000f0   0x00000004   Code   RO         9609    .ARM.Collect$$$$00000004  mc_w.l(entry5.o)
    0x080000f4   0x00000000   Code   RO         9611    .ARM.Collect$$$$00000008  mc_w.l(entry7b.o)
    0x080000f4   0x00000000   Code   RO         9613    .ARM.Collect$$$$0000000A  mc_w.l(entry8b.o)
    0x080000f4   0x00000008   Code   RO         9614    .ARM.Collect$$$$0000000B  mc_w.l(entry9a.o)
    0x080000fc   0x00000000   Code   RO         9616    .ARM.Collect$$$$0000000D  mc_w.l(entry10a.o)
    0x080000fc   0x00000000   Code   RO         9618    .ARM.Collect$$$$0000000F  mc_w.l(entry11a.o)
    0x080000fc   0x00000004   Code   RO         9607    .ARM.Collect$$$$00002712  mc_w.l(entry2.o)
    0x08000100   0x00000024   Code   RO            4    .text               startup_stm32f103xb.o
    0x08000124   0x00000024   Code   RO         9574    .text               mc_w.l(memseta.o)
    0x08000148   0x000000b0   Code   RO         9576    .text               mf_w.l(fadd.o)
    0x080001f8   0x00000018   Code   RO         9582    .text               mf_w.l(fscalb.o)
    0x08000210   0x00000012   Code   RO         9590    .text               mf_w.l(fflti.o)
    0x08000222   0x0000000a   Code   RO         9592    .text               mf_w.l(ffltui.o)
    0x0800022c   0x00000032   Code   RO         9594    .text               mf_w.l(ffixi.o)
    0x0800025e   0x00000028   Code   RO         9596    .text               mf_w.l(ffixui.o)
    0x08000286   0x00000002   PAD
    0x08000288   0x00000014   Code   RO         9604    .text               mf_w.l(cfrcmple.o)
    0x0800029c   0x00000000   Code   RO         9629    .text               mc_w.l(iusefp.o)
    0x0800029c   0x0000006e   Code   RO         9630    .text               mf_w.l(fepilogue.o)
    0x0800030a   0x00000002   PAD
    0x0800030c   0x00000024   Code   RO         9636    .text               mc_w.l(init.o)
    0x08000330   0x0000004c   Code   RO         7296    i.ADC_ConversionStop_Disable  stm32f1xx_hal_adc.o
    0x0800037c   0x0000004e   Code   RO         7297    i.ADC_DMAConvCplt   stm32f1xx_hal_adc.o
    0x080003ca   0x0000001a   Code   RO         7298    i.ADC_DMAError      stm32f1xx_hal_adc.o
    0x080003e4   0x0000000a   Code   RO         7299    i.ADC_DMAHalfConvCplt  stm32f1xx_hal_adc.o
    0x080003ee   0x00000002   PAD
    0x080003f0   0x00000070   Code   RO         7300    i.ADC_Enable        stm32f1xx_hal_adc.o
    0x08000460   0x00000002   Code   RO         7123    i.BusFault_Handler  stm32f1xx_it.o
    0x08000462   0x00000002   PAD
    0x08000464   0x0000000c   Code   RO         7124    i.DMA1_Channel1_IRQHandler  stm32f1xx_it.o
    0x08000470   0x0000002a   Code   RO         7950    i.DMA_SetConfig     stm32f1xx_hal_dma.o
    0x0800049a   0x00000002   Code   RO         7125    i.DebugMon_Handler  stm32f1xx_it.o
    0x0800049c   0x00000004   Code   RO         6949    i.Error_Handler     main.o
    0x080004a0   0x000000fc   Code   RO         7302    i.HAL_ADC_ConfigChannel  stm32f1xx_hal_adc.o
    0x0800059c   0x0000000c   Code   RO         6950    i.HAL_ADC_ConvCpltCallback  main.o
    0x080005a8   0x0000000c   Code   RO         6951    i.HAL_ADC_ConvHalfCpltCallback  main.o
    0x080005b4   0x00000002   Code   RO         7306    i.HAL_ADC_ErrorCallback  stm32f1xx_hal_adc.o
    0x080005b6   0x00000002   PAD
    0x080005b8   0x0000011c   Code   RO         7311    i.HAL_ADC_Init      stm32f1xx_hal_adc.o
    0x080006d4   0x00000090   Code   RO         7212    i.HAL_ADC_MspInit   stm32f1xx_hal_msp.o
    0x08000764   0x0000010c   Code   RO         7318    i.HAL_ADC_Start_DMA  stm32f1xx_hal_adc.o
    0x08000870   0x00000154   Code   RO         7956    i.HAL_DMA_IRQHandler  stm32f1xx_hal_dma.o
    0x080009c4   0x0000005c   Code   RO         7957    i.HAL_DMA_Init      stm32f1xx_hal_dma.o
    0x08000a20   0x00000070   Code   RO         7961    i.HAL_DMA_Start_IT  stm32f1xx_hal_dma.o
    0x08000a90   0x000001e0   Code   RO         7887    i.HAL_GPIO_Init     stm32f1xx_hal_gpio.o
    0x08000c70   0x0000000a   Code   RO         7891    i.HAL_GPIO_WritePin  stm32f1xx_hal_gpio.o
    0x08000c7a   0x00000002   PAD
    0x08000c7c   0x0000000c   Code   RO         7583    i.HAL_GetTick       stm32f1xx_hal.o
    0x08000c88   0x00000010   Code   RO         7589    i.HAL_IncTick       stm32f1xx_hal.o
    0x08000c98   0x00000024   Code   RO         7590    i.HAL_Init          stm32f1xx_hal.o
    0x08000cbc   0x00000040   Code   RO         7591    i.HAL_InitTick      stm32f1xx_hal.o
    0x08000cfc   0x0000003c   Code   RO         7213    i.HAL_MspInit       stm32f1xx_hal_msp.o
    0x08000d38   0x0000001a   Code   RO         8047    i.HAL_NVIC_EnableIRQ  stm32f1xx_hal_cortex.o
    0x08000d52   0x00000002   PAD
    0x08000d54   0x00000040   Code   RO         8053    i.HAL_NVIC_SetPriority  stm32f1xx_hal_cortex.o
    0x08000d94   0x00000024   Code   RO         8054    i.HAL_NVIC_SetPriorityGrouping  stm32f1xx_hal_cortex.o
    0x08000db8   0x000000ec   Code   RO         7850    i.HAL_RCCEx_PeriphCLKConfig  stm32f1xx_hal_rcc_ex.o
    0x08000ea4   0x0000012c   Code   RO         7747    i.HAL_RCC_ClockConfig  stm32f1xx_hal_rcc.o
    0x08000fd0   0x0000006c   Code   RO         7756    i.HAL_RCC_GetSysClockFreq  stm32f1xx_hal_rcc.o
    0x0800103c   0x00000320   Code   RO         7759    i.HAL_RCC_OscConfig  stm32f1xx_hal_rcc.o
    0x0800135c   0x00000028   Code   RO         8058    i.HAL_SYSTICK_Config  stm32f1xx_hal_cortex.o
    0x08001384   0x00000002   Code   RO         9253    i.HAL_TIMEx_BreakCallback  stm32f1xx_hal_tim_ex.o
    0x08001386   0x00000002   Code   RO         9254    i.HAL_TIMEx_CommutCallback  stm32f1xx_hal_tim_ex.o
    0x08001388   0x00000068   Code   RO         9272    i.HAL_TIMEx_MasterConfigSynchronization  stm32f1xx_hal_tim_ex.o
    0x080013f0   0x0000005a   Code   RO         8549    i.HAL_TIM_Base_Init  stm32f1xx_hal_tim.o
    0x0800144a   0x00000002   PAD
    0x0800144c   0x00000054   Code   RO         7215    i.HAL_TIM_Base_MspInit  stm32f1xx_hal_msp.o
    0x080014a0   0x00000050   Code   RO         8552    i.HAL_TIM_Base_Start  stm32f1xx_hal_tim.o
    0x080014f0   0x00000058   Code   RO         8554    i.HAL_TIM_Base_Start_IT  stm32f1xx_hal_tim.o
    0x08001548   0x000000d6   Code   RO         8558    i.HAL_TIM_ConfigClockSource  stm32f1xx_hal_tim.o
    0x0800161e   0x00000002   Code   RO         8583    i.HAL_TIM_IC_CaptureCallback  stm32f1xx_hal_tim.o
    0x08001620   0x00000166   Code   RO         8597    i.HAL_TIM_IRQHandler  stm32f1xx_hal_tim.o
    0x08001786   0x00000002   Code   RO         8600    i.HAL_TIM_OC_DelayElapsedCallback  stm32f1xx_hal_tim.o
    0x08001788   0x00000002   Code   RO         8627    i.HAL_TIM_PWM_PulseFinishedCallback  stm32f1xx_hal_tim.o
    0x0800178a   0x00000002   PAD
    0x0800178c   0x00000064   Code   RO         6952    i.HAL_TIM_PeriodElapsedCallback  main.o
    0x080017f0   0x00000002   Code   RO         8640    i.HAL_TIM_TriggerCallback  stm32f1xx_hal_tim.o
    0x080017f2   0x00000002   Code   RO         7126    i.HardFault_Handler  stm32f1xx_it.o
    0x080017f4   0x000000f0   Code   RO         6953    i.InitGpioTables    main.o
    0x080018e4   0x00000050   Code   RO         6954    i.MX_ADC1_Init      main.o
    0x08001934   0x0000009c   Code   RO         6955    i.MX_GPIO_Init      main.o
    0x080019d0   0x00000064   Code   RO         6956    i.MX_TIM3_Init      main.o
    0x08001a34   0x00000064   Code   RO         6957    i.MX_TIM4_Init      main.o
    0x08001a98   0x00000002   Code   RO         7127    i.MemManage_Handler  stm32f1xx_it.o
    0x08001a9a   0x00000002   Code   RO         7128    i.NMI_Handler       stm32f1xx_it.o
    0x08001a9c   0x00000002   Code   RO         7129    i.PendSV_Handler    stm32f1xx_it.o
    0x08001a9e   0x00000002   PAD
    0x08001aa0   0x00000048   Code   RO         6958    i.ProcessFFT        main.o
    0x08001ae8   0x00000002   Code   RO         7130    i.SVC_Handler       stm32f1xx_it.o
    0x08001aea   0x00000004   Code   RO         7131    i.SysTick_Handler   stm32f1xx_it.o
    0x08001aee   0x00000078   Code   RO         6959    i.SystemClock_Config  main.o
    0x08001b66   0x00000002   Code   RO         9521    i.SystemInit        system_stm32f1xx.o
    0x08001b68   0x0000000c   Code   RO         7132    i.TIM4_IRQHandler   stm32f1xx_it.o
    0x08001b74   0x0000006c   Code   RO         8642    i.TIM_Base_SetConfig  stm32f1xx_hal_tim.o
    0x08001be0   0x00000014   Code   RO         8653    i.TIM_ETR_SetConfig  stm32f1xx_hal_tim.o
    0x08001bf4   0x00000010   Code   RO         8654    i.TIM_ITRx_SetConfig  stm32f1xx_hal_tim.o
    0x08001c04   0x00000022   Code   RO         8660    i.TIM_TI1_ConfigInputStage  stm32f1xx_hal_tim.o
    0x08001c26   0x00000024   Code   RO         8662    i.TIM_TI2_ConfigInputStage  stm32f1xx_hal_tim.o
    0x08001c4a   0x00000002   Code   RO         7133    i.UsageFault_Handler  stm32f1xx_it.o
    0x08001c4c   0x00000020   Code   RO         8060    i.__NVIC_SetPriority  stm32f1xx_hal_cortex.o
    0x08001c6c   0x0000000e   Code   RO         9640    i.__scatterload_copy  mc_w.l(handlers.o)
    0x08001c7a   0x00000002   Code   RO         9641    i.__scatterload_null  mc_w.l(handlers.o)
    0x08001c7c   0x0000000e   Code   RO         9642    i.__scatterload_zeroinit  mc_w.l(handlers.o)
    0x08001c8a   0x000000aa   Code   RO         4834    i.arm_bitreversal_q31  arm_bitreversal.o
    0x08001d34   0x000000c0   Code   RO         4487    i.arm_cfft_radix2_init_q31  arm_cfft_radix2_init_q31.o
    0x08001df4   0x0000002e   Code   RO         4547    i.arm_cfft_radix2_q31  arm_cfft_radix2_q31.o
    0x08001e22   0x00000002   PAD
    0x08001e24   0x0000002e   Code   RO          810    i.arm_cmplx_mag_q31  arm_cmplx_mag_q31.o
    0x08001e52   0x0000021a   Code   RO         4548    i.arm_radix2_butterfly_inverse_q31  arm_cfft_radix2_q31.o
    0x0800206c   0x00000214   Code   RO         4549    i.arm_radix2_butterfly_q31  arm_cfft_radix2_q31.o
    0x08002280   0x000000e0   Code   RO         1140    i.arm_sqrt_q31      arm_sqrt_q31.o
    0x08002360   0x000002cc   Code   RO         6960    i.main              main.o
    0x0800262c   0x00000800   Data   RO         5067    .constdata          arm_common_tables.o
    0x08002e2c   0x00006000   Data   RO         5085    .constdata          arm_common_tables.o
    0x08008e2c   0x00000010   Data   RO         9522    .constdata          system_stm32f1xx.o
    0x08008e3c   0x00000020   Data   RO         9638    Region$$Table       anon$$obj.o


    Execution Region RW_IRAM1 (Base: 0x20000000, Size: 0x00004c58, Max: 0x00005000, ABSOLUTE)

    Base Addr    Size         Type   Attr      Idx    E Section Name        Object

    0x20000000   0x00000002   Data   RW         6967    .data               main.o
    0x20000002   0x00000002   PAD
    0x20000004   0x0000000c   Data   RW         7597    .data               stm32f1xx_hal.o
    0x20000010   0x00000004   Data   RW         9524    .data               system_stm32f1xx.o
    0x20000014   0x00004200   Zero   RW         6961    .bss                main.o
    0x20004214   0x00000044   Zero   RW         6962    .bss                main.o
    0x20004258   0x00000a00   Zero   RW            1    STACK               startup_stm32f103xb.o


==============================================================================

Image component sizes


      Code (inc. data)   RO Data    RW Data    ZI Data      Debug   Object Name

         0          0          0          0          0      19452   arm_abs_q7.o
       170          0          0          0          0       1434   arm_bitreversal.o
       192         14          0          0          0       1267   arm_cfft_radix2_init_q31.o
      1116          0          0          0          0       3832   arm_cfft_radix2_q31.o
        46          0          0          0          0        736   arm_cmplx_mag_q31.o
         0          0      26624          0          0       4712   arm_common_tables.o
       224          4          0          0          0        987   arm_sqrt_q31.o
      1712        124          0          2      16964     434590   main.o
        36          8        236          0       2560        780   startup_stm32f103xb.o
       128         24          0         12          0       5129   stm32f1xx_hal.o
      1108         54          0          0          0       7240   stm32f1xx_hal_adc.o
       198         14          0          0          0      28815   stm32f1xx_hal_cortex.o
       586         32          0          0          0       3483   stm32f1xx_hal_dma.o
       490         34          0          0          0       2820   stm32f1xx_hal_gpio.o
       288         42          0          0          0       2167   stm32f1xx_hal_msp.o
      1208         76          0          0          0       3974   stm32f1xx_hal_rcc.o
       236         12          0          0          0       1340   stm32f1xx_hal_rcc_ex.o
      1052         40          0          0          0       9958   stm32f1xx_hal_tim.o
       108         12          0          0          0       2277   stm32f1xx_hal_tim_ex.o
        44         12          0          0          0       4391   stm32f1xx_it.o
         2          0         16          4          0       1027   system_stm32f1xx.o

    ----------------------------------------------------------------------
      8962        502      26908         20      19524     540411   Object Totals
         0          0         32          0          0          0   (incl. Generated)
        18          0          0          2          0          0   (incl. Padding)

    ----------------------------------------------------------------------

      Code (inc. data)   RO Data    RW Data    ZI Data      Debug   Library Member Name

         0          0          0          0          0          0   entry.o
         0          0          0          0          0          0   entry10a.o
         0          0          0          0          0          0   entry11a.o
         8          4          0          0          0          0   entry2.o
         4          0          0          0          0          0   entry5.o
         0          0          0          0          0          0   entry7b.o
         0          0          0          0          0          0   entry8b.o
         8          4          0          0          0          0   entry9a.o
        30          0          0          0          0          0   handlers.o
        36          8          0          0          0         68   init.o
         0          0          0          0          0          0   iusefp.o
        36          0          0          0          0        108   memseta.o
        20          0          0          0          0         68   cfrcmple.o
       176          0          0          0          0        140   fadd.o
       110          0          0          0          0        168   fepilogue.o
        50          0          0          0          0         68   ffixi.o
        40          0          0          0          0         68   ffixui.o
        18          0          0          0          0         68   fflti.o
        10          0          0          0          0         68   ffltui.o
        24          0          0          0          0         68   fscalb.o

    ----------------------------------------------------------------------
       574         16          0          0          0        892   Library Totals
         4          0          0          0          0          0   (incl. Padding)

    ----------------------------------------------------------------------

      Code (inc. data)   RO Data    RW Data    ZI Data      Debug   Library Name

       122         16          0          0          0        176   mc_w.l
       448          0          0          0          0        716   mf_w.l

    ----------------------------------------------------------------------
       574         16          0          0          0        892   Library Totals

    ----------------------------------------------------------------------

==============================================================================


      Code (inc. data)   RO Data    RW Data    ZI Data      Debug   

      9536        518      26908         20      19524     537139   Grand Totals
      9536        518      26908         20      19524     537139   ELF Image Totals
      9536        518      26908         20          0          0   ROM Totals

==============================================================================

    Total RO  Size (Code + RO Data)                36444 (  35.59kB)
    Total RW  Size (RW Data + ZI Data)             19544 (  19.09kB)
    Total ROM Size (Code + RO Data + RW Data)      36464 (  35.61kB)

==============================================================================

